Component: ARM Compiler 5.06 update 1 (build 61) Tool: armlink [4d35a8]

==============================================================================

Section Cross References

    main.o(i.init_task) refers to event_groups.o(i.xEventGroupCreate) for xEventGroupCreate
    main.o(i.init_task) refers to tick.o(i.TickInit) for TickInit
    main.o(i.init_task) refers to sdio.o(i.sdioLowLevelInit) for sdioLowLevelInit
    main.o(i.init_task) refers to config.o(i.configInit) for configInit
    main.o(i.init_task) refers to comm.o(i.commInit) for commInit
    main.o(i.init_task) refers to imu.o(i.imuInit) for imuInit
    main.o(i.init_task) refers to aq_mavlink.o(i.mavlinkInit) for mavlinkInit
    main.o(i.init_task) refers to nav_ukf.o(i.navUkfInit) for navUkfInit
    main.o(i.init_task) refers to alt_ukf.o(i.altUkfInit) for altUkfInit
    main.o(i.init_task) refers to supervisor.o(i.supervisorInit) for supervisorInit
    main.o(i.init_task) refers to run.o(i.runInit) for runInit
    main.o(i.init_task) refers to util.o(i.info) for info
    main.o(i.init_task) refers to gps.o(i.gpsInit) for gpsInit
    main.o(i.init_task) refers to tasks.o(i.vTaskDelete) for vTaskDelete
    main.o(i.init_task) refers to d_imu.o(.data) for EventGroupHandler
    main.o(i.init_task) refers to main.o(.data) for initTask_Handler
    main.o(i.main) refers to misc.o(i.NVIC_PriorityGroupConfig) for NVIC_PriorityGroupConfig
    main.o(i.main) refers to rcc.o(i.rccConfiguration) for rccConfiguration
    main.o(i.main) refers to tasks.o(i.xTaskCreate) for xTaskCreate
    main.o(i.main) refers to tasks.o(i.vTaskStartScheduler) for vTaskStartScheduler
    main.o(i.main) refers to main.o(.data) for initTask_Handler
    main.o(i.main) refers to main.o(i.init_task) for init_task
    d_imu.o(i.TIM8_BRK_TIM12_IRQHandler) refers to stm32f4xx_tim.o(i.TIM_GetITStatus) for TIM_GetITStatus
    d_imu.o(i.TIM8_BRK_TIM12_IRQHandler) refers to timers.o(i.xTimerPendFunctionCallFromISR) for xTimerPendFunctionCallFromISR
    d_imu.o(i.TIM8_BRK_TIM12_IRQHandler) refers to d_imu.o(.ccm) for dImuData
    d_imu.o(i.TIM8_BRK_TIM12_IRQHandler) refers to d_imu.o(.data) for EventGroupHandler
    d_imu.o(i.TIM8_BRK_TIM12_IRQHandler) refers to event_groups.o(i.vEventGroupSetBitsCallback) for vEventGroupSetBitsCallback
    d_imu.o(i.dIMUCalcTempDiff) refers to ms5611.o(.bss) for ms5611Data
    d_imu.o(i.dIMUCalcTempDiff) refers to d_imu.o(.ccm) for dImuData
    d_imu.o(i.dIMUCancelAlarm1) refers to stm32f4xx_tim.o(i.TIM_ClearITPendingBit) for TIM_ClearITPendingBit
    d_imu.o(i.dIMUInit) refers to eeprom.o(i.eepromPreInit) for eepromPreInit
    d_imu.o(i.dIMUInit) refers to hmc5983.o(i.hmc5983PreInit) for hmc5983PreInit
    d_imu.o(i.dIMUInit) refers to ms5611.o(i.ms5611PreInit) for ms5611PreInit
    d_imu.o(i.dIMUInit) refers to eeprom.o(i.eepromInit) for eepromInit
    d_imu.o(i.dIMUInit) refers to d_imu.o(i.dIMUReadCalib) for dIMUReadCalib
    d_imu.o(i.dIMUInit) refers to hmc5983.o(i.hmc5983Init) for hmc5983Init
    d_imu.o(i.dIMUInit) refers to comm.o(i.commNotice) for commNotice
    d_imu.o(i.dIMUInit) refers to ms5611.o(i.ms5611Init) for ms5611Init
    d_imu.o(i.dIMUInit) refers to tasks.o(i.xTaskCreate) for xTaskCreate
    d_imu.o(i.dIMUInit) refers to stm32f4xx_rcc.o(i.RCC_APB1PeriphClockCmd) for RCC_APB1PeriphClockCmd
    d_imu.o(i.dIMUInit) refers to stm32f4xx_tim.o(i.TIM_TimeBaseInit) for TIM_TimeBaseInit
    d_imu.o(i.dIMUInit) refers to stm32f4xx_tim.o(i.TIM_SetCounter) for TIM_SetCounter
    d_imu.o(i.dIMUInit) refers to stm32f4xx_tim.o(i.TIM_OCStructInit) for TIM_OCStructInit
    d_imu.o(i.dIMUInit) refers to stm32f4xx_tim.o(i.TIM_OC1Init) for TIM_OC1Init
    d_imu.o(i.dIMUInit) refers to stm32f4xx_tim.o(i.TIM_OC1PreloadConfig) for TIM_OC1PreloadConfig
    d_imu.o(i.dIMUInit) refers to stm32f4xx_tim.o(i.TIM_OC2Init) for TIM_OC2Init
    d_imu.o(i.dIMUInit) refers to stm32f4xx_tim.o(i.TIM_OC2PreloadConfig) for TIM_OC2PreloadConfig
    d_imu.o(i.dIMUInit) refers to misc.o(i.NVIC_Init) for NVIC_Init
    d_imu.o(i.dIMUInit) refers to d_imu.o(i.dIMUCancelAlarm1) for dIMUCancelAlarm1
    d_imu.o(i.dIMUInit) refers to stm32f4xx_tim.o(i.TIM_Cmd) for TIM_Cmd
    d_imu.o(i.dIMUInit) refers to hmc5983.o(i.hmc5983Enable) for hmc5983Enable
    d_imu.o(i.dIMUInit) refers to ms5611.o(i.ms5611Enable) for ms5611Enable
    d_imu.o(i.dIMUInit) refers to d_imu.o(.data) for dIMUTaskHandle
    d_imu.o(i.dIMUInit) refers to d_imu.o(i.dIMUTaskCode) for dIMUTaskCode
    d_imu.o(i.dIMUInit) refers to rcc.o(.bss) for rccClocks
    d_imu.o(i.dIMUInit) refers to d_imu.o(.ccm) for dImuData
    d_imu.o(i.dIMUReadCalib) refers to eeprom.o(i.eepromOpenRead) for eepromOpenRead
    d_imu.o(i.dIMUReadCalib) refers to comm.o(i.commNotice) for commNotice
    d_imu.o(i.dIMUReadCalib) refers to config.o(i.configParseParams) for configParseParams
    d_imu.o(i.dIMUReadCalib) refers to eeprom.o(i.eepromRead) for eepromRead
[...]
    filerBuf                                 0x20002310   Data       65024  filer.o(.bss)
    rccClocks                                0x20012110   Data          16  rcc.o(.bss)
    navUkfData                               0x20012120   Data        1120  nav_ukf.o(.bss)
    mavlinkData                              0x20012580   Data         268  aq_mavlink.o(.bss)
    xQueueRegistry                           0x20012afc   Data          64  queue.o(.bss)
    USB_OTG_dev                              0x20017e48   Data        1524  usb.o(.bss)
    usbd_cdc_msc_OtherCfgDesc                0x2001843c   Data          98  usbd_cdc_msc_core.o(.bss)
    USB_Rx_Buffer                            0x2001849e   Data          64  usbd_cdc_msc_core.o(.bss)
    APP_Rx_Buffer                            0x200184de   Data        1024  usbd_cdc_msc_core.o(.bss)
    MSC_BOT_cbw                              0x200188e0   Data          32  usbd_msc_bot.o(.bss)
    MSC_BOT_csw                              0x20018900   Data          16  usbd_msc_bot.o(.bss)
    SCSI_Sense                               0x20018910   Data          32  usbd_msc_scsi.o(.bss)
    USBD_StrDesc                             0x20018930   Data         255  usbd_req.o(.bss)
    __heap_base                              0x20018a30   Data           0  startup_stm32f427_437xx.o(HEAP)
    __heap_limit                             0x2001da30   Data           0  startup_stm32f427_437xx.o(HEAP)
    __initial_sp                             0x2001ea30   Data           0  startup_stm32f427_437xx.o(STACK)



==============================================================================

Memory Map of the image

  Image Entry point : 0x080001ad

  Load Region LR_IROM1 (Base: 0x08000000, Size: 0x00025b80, Max: 0x00200000, ABSOLUTE, COMPRESSED[0x00019d20])

    Execution Region ER_IROM1 (Base: 0x08000000, Size: 0x000196f0, Max: 0x00200000, ABSOLUTE)

    Base Addr    Size         Type   Attr      Idx    E Section Name        Object

    0x08000000   0x000001ac   Data   RO         3916    RESET               startup_stm32f427_437xx.o
    0x080001ac   0x00000000   Code   RO        12184  * .ARM.Collect$$$$00000000  mc_w.l(entry.o)
    0x080001ac   0x00000004   Code   RO        12600    .ARM.Collect$$$$00000001  mc_w.l(entry2.o)
    0x080001b0   0x00000004   Code   RO        12603    .ARM.Collect$$$$00000004  mc_w.l(entry5.o)
    0x080001b4   0x00000000   Code   RO        12605    .ARM.Collect$$$$00000008  mc_w.l(entry7b.o)
    0x080001b4   0x00000000   Code   RO        12607    .ARM.Collect$$$$0000000A  mc_w.l(entry8b.o)
    0x080001b4   0x00000008   Code   RO        12608    .ARM.Collect$$$$0000000B  mc_w.l(entry9a.o)
    0x080001bc   0x00000000   Code   RO        12610    .ARM.Collect$$$$0000000D  mc_w.l(entry10a.o)
    0x080001bc   0x00000000   Code   RO        12612    .ARM.Collect$$$$0000000F  mc_w.l(entry11a.o)
    0x080001bc   0x00000004   Code   RO        12601    .ARM.Collect$$$$00002712  mc_w.l(entry2.o)
    0x080001c0   0x000000b6   Code   RO         4891    .emb_text           port.o
    0x08000276   0x00000002   PAD
    0x08000278   0x00000004   Code   RO         1128    .rev16_text         hmc5983.o
    0x0800027c   0x00000024   Code   RO         3917    .text               startup_stm32f427_437xx.o
    0x080002a0   0x00000008   Code   RO        11877    .text               arm_cortexM4lf_math.lib(arm_mat_init_f32.o)
    0x080002a8   0x0000013c   Code   RO        11950    .text               arm_cortexM4lf_math.lib(arm_mat_mult_f32.o)
    0x080003e4   0x00000114   Code   RO        11974    .text               arm_cortexM4lf_math.lib(arm_mat_trans_f32.o)
    0x080004f8   0x00000134   Code   RO        11998    .text               arm_cortexM4lf_math.lib(arm_std_f32.o)
    0x0800062c   0x00000094   Code   RO        12025    .text               arm_cortexM4lf_math.lib(arm_fill_f32.o)
    0x080006c0   0x00000062   Code   RO        12187    .text               mc_w.l(ldiv.o)
    0x08000722   0x00000024   Code   RO        12189    .text               mc_w.l(memcpya.o)
    0x08000746   0x00000024   Code   RO        12191    .text               mc_w.l(memseta.o)
    0x0800076a   0x0000000e   Code   RO        12193    .text               mc_w.l(strlen.o)
    0x08000778   0x0000001c   Code   RO        12195    .text               mc_w.l(strcmp.o)
    0x08000794   0x00000012   Code   RO        12197    .text               mc_w.l(strcpy.o)
    0x080007a6   0x0000001e   Code   RO        12199    .text               mc_w.l(strncmp.o)
    0x080007c4   0x00000032   Code   RO        12203    .text               mc_w.l(strncasecmp.o)
    0x080007f6   0x0000001c   Code   RO        12494    .text               mc_w.l(calloc.o)
    0x08000812   0x00000002   PAD
    0x08000814   0x00000038   Code   RO        12496    .text               mc_w.l(__0sscanf.o)
    0x0800084c   0x000000e0   Code   RO        12500    .text               mc_w.l(_scanf_str.o)
    0x0800092c   0x00000338   Code   RO        12502    .text               mc_w.l(scanf_fp.o)
    0x08000c64   0x0000001a   Code   RO        12506    .text               mc_w.l(atoi.o)
    0x08000c7e   0x0000014e   Code   RO        12508    .text               mf_w.l(dadd.o)
    0x08000dcc   0x000000e4   Code   RO        12510    .text               mf_w.l(dmul.o)
    0x08000eb0   0x000000de   Code   RO        12512    .text               mf_w.l(ddiv.o)
    0x08000f8e   0x0000002c   Code   RO        12514    .text               mf_w.l(ffltl.o)
    0x08000fba   0x00000022   Code   RO        12516    .text               mf_w.l(dflti.o)
    0x08000fdc   0x0000001a   Code   RO        12518    .text               mf_w.l(dfltui.o)
    0x08000ff6   0x0000003e   Code   RO        12520    .text               mf_w.l(dfixi.o)
    0x08001034   0x00000032   Code   RO        12522    .text               mf_w.l(dfixui.o)
    0x08001066   0x00000026   Code   RO        12524    .text               mf_w.l(f2d.o)
    0x0800108c   0x00000030   Code   RO        12526    .text               mf_w.l(cdcmple.o)
    0x080010bc   0x00000038   Code   RO        12528    .text               mf_w.l(d2f.o)
    0x080010f4   0x0000002c   Code   RO        12614    .text               mc_w.l(uidiv.o)
    0x08001120   0x00000062   Code   RO        12616    .text               mc_w.l(uldiv.o)
    0x08001182   0x0000001e   Code   RO        12618    .text               mc_w.l(llshl.o)
    0x080011a0   0x00000020   Code   RO        12620    .text               mc_w.l(llushr.o)
    0x080011c0   0x00000024   Code   RO        12622    .text               mc_w.l(llsshr.o)
    0x080011e4   0x0000000c   Code   RO        12624    .text               mc_w.l(tolower.o)
    0x080011f0   0x0000001c   Code   RO        12635    .text               mc_w.l(_chval.o)
    0x0800120c   0x00000028   Code   RO        12637    .text               mc_w.l(scanf_char.o)
    0x08001234   0x00000040   Code   RO        12639    .text               mc_w.l(_sgetc.o)
    0x08001274   0x00000070   Code   RO        12641    .text               mc_w.l(strtol.o)
    0x080012e4   0x00000000   Code   RO        12643    .text               mc_w.l(iusefp.o)
    0x080012e4   0x0000006e   Code   RO        12644    .text               mf_w.l(fepilogue.o)
    0x08001352   0x000000ba   Code   RO        12646    .text               mf_w.l(depilogue.o)
    0x0800140c   0x0000002e   Code   RO        12650    .text               mf_w.l(dscalb.o)
    0x0800143a   0x000000a2   Code   RO        12652    .text               mf_w.l(dsqrt.o)
    0x080014dc   0x00000018   Code   RO        12654    .text               mf_w.l(dfltul.o)
    0x080014f4   0x00000030   Code   RO        12656    .text               mf_w.l(dfixul.o)
    0x08001524   0x00000030   Code   RO        12658    .text               mf_w.l(cdrcmple.o)
    0x08001554   0x00000004   Code   RO        12660    .text               mf_w.l(fpstat.o)
    0x08001558   0x00000024   Code   RO        12662    .text               mc_w.l(init.o)
    0x0800157c   0x00000008   Code   RO        12666    .text               mc_w.l(ctype_o.o)
    0x08001584   0x00000012   Code   RO        12688    .text               mc_w.l(isspace_o.o)
    0x08001596   0x00000002   PAD
    0x08001598   0x0000032c   Code   RO        12694    .text               mc_w.l(_scanf.o)
    0x080018c4   0x0000009e   Code   RO        12696    .text               mc_w.l(_strtoul.o)
    0x08001962   0x00000056   Code   RO        12709    .text               mc_w.l(__dczerorl2.o)
    0x080019b8   0x00000004   Code   RO         3819    i.BusFault_Handler  stm32f4xx_it.o
    0x080019bc   0x00000008   Code   RO         1614    i.CRYP_IRQHandler   comm.o
    0x080019c4   0x00000134   Code   RO        10136    i.CmdResp1Error     sdio.o
    0x08001af8   0x0000004a   Code   RO        10923    i.DCD_EP_Close      usb_dcd.o
    0x08001b42   0x00000048   Code   RO        10924    i.DCD_EP_ClrStall   usb_dcd.o
    0x08001b8a   0x00000024   Code   RO        10925    i.DCD_EP_Flush      usb_dcd.o
    0x08001bae   0x00000068   Code   RO        10926    i.DCD_EP_Open       usb_dcd.o
    0x08001c16   0x00000052   Code   RO        10927    i.DCD_EP_PrepareRx  usb_dcd.o
    0x08001c68   0x0000001c   Code   RO        10928    i.DCD_EP_SetAddress  usb_dcd.o
    0x08001c84   0x00000048   Code   RO        10929    i.DCD_EP_Stall      usb_dcd.o
    0x08001ccc   0x0000004e   Code   RO        10930    i.DCD_EP_Tx         usb_dcd.o
    0x08001d1a   0x00000066   Code   RO        11021    i.DCD_HandleEnumDone_ISR  usb_dcd_int.o
    0x08001d80   0x00000144   Code   RO        11022    i.DCD_HandleInEP_ISR  usb_dcd_int.o
    0x08001ec4   0x00000100   Code   RO        11023    i.DCD_HandleOutEP_ISR  usb_dcd_int.o
    0x08001fc4   0x00000068   Code   RO        11024    i.DCD_HandleResume_ISR  usb_dcd_int.o
    0x0800202c   0x000000b0   Code   RO        11025    i.DCD_HandleRxStatusQueueLevel_ISR  usb_dcd_int.o
    0x080020dc   0x0000002c   Code   RO        11026    i.DCD_HandleSof_ISR  usb_dcd_int.o
    0x08002108   0x000000a8   Code   RO        11027    i.DCD_HandleUSBSuspend_ISR  usb_dcd_int.o
    0x080021b0   0x00000104   Code   RO        11028    i.DCD_HandleUsbReset_ISR  usb_dcd_int.o
    0x080022b4   0x0000009c   Code   RO        10932    i.DCD_Init          usb_dcd.o
    0x08002350   0x0000002c   Code   RO        11029    i.DCD_IsoINIncomplete_ISR  usb_dcd_int.o
    0x0800237c   0x0000002c   Code   RO        11030    i.DCD_IsoOUTIncomplete_ISR  usb_dcd_int.o
    0x080023a8   0x00000028   Code   RO        11031    i.DCD_ReadDevInEP   usb_dcd_int.o
    0x080023d0   0x000000ae   Code   RO        11032    i.DCD_WriteEmptyTxFifo  usb_dcd_int.o
    0x0800247e   0x00000002   PAD
    0x08002480   0x00000010   Code   RO          726    i.DCMI_IRQHandler   spi.o
    0x08002490   0x00000010   Code   RO          727    i.DMA1_Stream3_IRQHandler  spi.o
    0x080024a0   0x00000020   Code   RO         1963    i.DMA1_Stream6_IRQHandler  serial.o
    0x080024c0   0x00000010   Code   RO          728    i.DMA2_Stream0_IRQHandler  spi.o
    0x080024d0   0x00000008   Code   RO        10141    i.DMA2_Stream3_IRQHandler  sdio.o
    0x080024d8   0x00000020   Code   RO         1964    i.DMA2_Stream6_IRQHandler  serial.o
    0x080024f8   0x00000020   Code   RO         1965    i.DMA2_Stream7_IRQHandler  serial.o
    0x08002518   0x00000034   Code   RO         6057    i.DMA_ClearFlag     stm32f4xx_dma.o
    0x0800254c   0x00000034   Code   RO         6058    i.DMA_ClearITPendingBit  stm32f4xx_dma.o
    0x08002580   0x00000016   Code   RO         6059    i.DMA_Cmd           stm32f4xx_dma.o
    0x08002596   0x00000002   PAD
    0x08002598   0x00000158   Code   RO         6060    i.DMA_DeInit        stm32f4xx_dma.o
    0x080026f0   0x00000016   Code   RO         6063    i.DMA_FlowControllerConfig  stm32f4xx_dma.o
    0x08002706   0x00000008   Code   RO         6065    i.DMA_GetCurrDataCounter  stm32f4xx_dma.o
    0x0800270e   0x0000003a   Code   RO         6070    i.DMA_ITConfig      stm32f4xx_dma.o
    0x08002748   0x00000058   Code   RO         6071    i.DMA_Init          stm32f4xx_dma.o
    0x080027a0   0x00000004   Code   RO         6074    i.DMA_SetCurrDataCounter  stm32f4xx_dma.o
    0x080027a4   0x00000022   Code   RO         6075    i.DMA_StructInit    stm32f4xx_dma.o
    0x080027c6   0x00000002   Code   RO         3820    i.DebugMon_Handler  stm32f4xx_it.o
    0x080027c8   0x00000010   Code   RO          729    i.ETH_IRQHandler    spi.o
    0x080027d8   0x00000010   Code   RO          730    i.ETH_WKUP_IRQHandler  spi.o
    0x080027e8   0x00000020   Code   RO          541    i.EXTI0_IRQHandler  ext_irq.o
    0x08002808   0x000000d0   Code   RO          542    i.EXTI15_10_IRQHandler  ext_irq.o
    0x080028d8   0x00000020   Code   RO          543    i.EXTI1_IRQHandler  ext_irq.o
    0x080028f8   0x00000020   Code   RO          544    i.EXTI2_IRQHandler  ext_irq.o
    0x08002918   0x00000020   Code   RO          545    i.EXTI3_IRQHandler  ext_irq.o
    0x08002938   0x00000020   Code   RO          546    i.EXTI4_IRQHandler  ext_irq.o
    0x08002958   0x000000a8   Code   RO          547    i.EXTI9_5_IRQHandler  ext_irq.o
    0x08002a00   0x0000000c   Code   RO         6343    i.EXTI_ClearITPendingBit  stm32f4xx_exti.o
    0x08002a0c   0x00000094   Code   RO         6348    i.EXTI_Init         stm32f4xx_exti.o
    0x08002aa0   0x0000000c   Code   RO         6408    i.FLASH_ClearFlag   stm32f4xx_flash.o
    0x08002aac   0x00000024   Code   RO         6409    i.FLASH_DataCacheCmd  stm32f4xx_flash.o
    0x08002ad0   0x00000014   Code   RO         6410    i.FLASH_DataCacheReset  stm32f4xx_flash.o
    0x08002ae4   0x00000088   Code   RO         6414    i.FLASH_EraseSector  stm32f4xx_flash.o
    0x08002b6c   0x00000054   Code   RO         6416    i.FLASH_GetStatus   stm32f4xx_flash.o
    0x08002bc0   0x00000014   Code   RO         6420    i.FLASH_Lock        stm32f4xx_flash.o
    0x08002bd4   0x00000050   Code   RO         6444    i.FLASH_ProgramWord  stm32f4xx_flash.o
    0x08002c24   0x00000024   Code   RO         6446    i.FLASH_Unlock      stm32f4xx_flash.o
    0x08002c48   0x00000022   Code   RO         6447    i.FLASH_WaitForLastOperation  stm32f4xx_flash.o
    0x08002c6a   0x00000090   Code   RO         6721    i.GPIO_Init         stm32f4xx_gpio.o
    0x08002cfa   0x00000046   Code   RO         6722    i.GPIO_PinAFConfig  stm32f4xx_gpio.o
    0x08002d40   0x00000004   Code   RO         6728    i.GPIO_ResetBits    stm32f4xx_gpio.o
    0x08002d44   0x00000012   Code   RO         6730    i.GPIO_StructInit   stm32f4xx_gpio.o
    0x08002d56   0x00000002   PAD
    0x08002d58   0x000000e4   Code   RO         1493    i.GetSector         flash.o
    0x08002e3c   0x0000017c   Code   RO         1131    i.HMC5883L_I2C_BufferRead  hmc5983.o
    0x08002fb8   0x000000e4   Code   RO         1132    i.HMC5883L_I2C_ByteWrite  hmc5983.o
    0x0800309c   0x0000009c   Code   RO         1133    i.HMC5883L_I2C_Init  hmc5983.o
    0x08003138   0x000000cc   Code   RO        11113    i.Handle_USBAsynchXfer  usbd_cdc_msc_core.o
    0x08003204   0x00000004   Code   RO         3821    i.HardFault_Handler  stm32f4xx_it.o
    0x08003208   0x00000018   Code   RO         7009    i.I2C_AcknowledgeConfig  stm32f4xx_i2c.o
    0x08003220   0x0000002a   Code   RO         7012    i.I2C_CheckEvent    stm32f4xx_i2c.o
    0x0800324a   0x00000018   Code   RO         7015    i.I2C_Cmd           stm32f4xx_i2c.o
    0x08003262   0x00000018   Code   RO         7023    i.I2C_GenerateSTART  stm32f4xx_i2c.o
    0x0800327a   0x00000018   Code   RO         7024    i.I2C_GenerateSTOP  stm32f4xx_i2c.o
    0x08003292   0x0000003a   Code   RO         7025    i.I2C_GetFlagStatus  stm32f4xx_i2c.o
    0x080032cc   0x000000e8   Code   RO         7030    i.I2C_Init          stm32f4xx_i2c.o
    0x080033b4   0x00000008   Code   RO         7035    i.I2C_ReceiveData   stm32f4xx_i2c.o
    0x080033bc   0x00000010   Code   RO         7037    i.I2C_Send7bitAddress  stm32f4xx_i2c.o
    0x080033cc   0x00000004   Code   RO         7038    i.I2C_SendData      stm32f4xx_i2c.o
    0x080033d0   0x00000044   Code   RO        11442    i.MSC_BOT_Abort     usbd_msc_bot.o
    0x08003414   0x000000d0   Code   RO        11443    i.MSC_BOT_CBW_Decode  usbd_msc_bot.o
    0x080034e4   0x0000003c   Code   RO        11444    i.MSC_BOT_CplClrFeature  usbd_msc_bot.o
    0x08003520   0x00000050   Code   RO        11445    i.MSC_BOT_DataIn    usbd_msc_bot.o
    0x08003570   0x00000044   Code   RO        11446    i.MSC_BOT_DataOut   usbd_msc_bot.o
    0x080035b4   0x0000000c   Code   RO        11447    i.MSC_BOT_DeInit    usbd_msc_bot.o
    0x080035c0   0x00000048   Code   RO        11448    i.MSC_BOT_Init      usbd_msc_bot.o
    0x08003608   0x0000002c   Code   RO        11449    i.MSC_BOT_Reset     usbd_msc_bot.o
    0x08003634   0x00000040   Code   RO        11450    i.MSC_BOT_SendCSW   usbd_msc_bot.o
    0x08003674   0x00000048   Code   RO        11451    i.MSC_BOT_SendData  usbd_msc_bot.o
    0x080036bc   0x00000004   Code   RO         3822    i.MemManage_Handler  stm32f4xx_it.o
    0x080036c0   0x00000002   Code   RO         3823    i.NMI_Handler       stm32f4xx_it.o
    0x080036c2   0x00000002   PAD
    0x080036c4   0x00000078   Code   RO         4984    i.NVIC_Init         misc.o
    0x0800373c   0x00000014   Code   RO         4985    i.NVIC_PriorityGroupConfig  misc.o
    0x08003750   0x00000010   Code   RO        10457    i.OTG_FS_IRQHandler  usb.o
    0x08003760   0x00000030   Code   RO        10458    i.OTG_FS_WKUP_IRQHandler  usb.o
    0x08003790   0x00000020   Code   RO         7659    i.RCC_AHB1PeriphClockCmd  stm32f4xx_rcc.o
    0x080037b0   0x00000020   Code   RO         7662    i.RCC_AHB2PeriphClockCmd  stm32f4xx_rcc.o
    0x080037d0   0x00000020   Code   RO         7668    i.RCC_APB1PeriphClockCmd  stm32f4xx_rcc.o
    0x080037f0   0x00000020   Code   RO         7670    i.RCC_APB1PeriphResetCmd  stm32f4xx_rcc.o
    0x08003810   0x00000020   Code   RO         7671    i.RCC_APB2PeriphClockCmd  stm32f4xx_rcc.o
    0x08003830   0x00000020   Code   RO         7673    i.RCC_APB2PeriphResetCmd  stm32f4xx_rcc.o
    0x08003850   0x00000014   Code   RO         7676    i.RCC_ClearFlag     stm32f4xx_rcc.o
    0x08003864   0x000000e8   Code   RO         7680    i.RCC_GetClocksFreq  stm32f4xx_rcc.o
    0x0800394c   0x0000002c   Code   RO        11561    i.SCSI_CheckAddressRange  usbd_msc_scsi.o
    0x08003978   0x00000058   Code   RO        11562    i.SCSI_Inquiry      usbd_msc_scsi.o
    0x080039d0   0x00000030   Code   RO        11563    i.SCSI_ModeSense10  usbd_msc_scsi.o
    0x08003a00   0x00000030   Code   RO        11564    i.SCSI_ModeSense6   usbd_msc_scsi.o
    0x08003a30   0x000000d8   Code   RO        11565    i.SCSI_ProcessCmd   usbd_msc_scsi.o
    0x08003b08   0x00000074   Code   RO        11566    i.SCSI_ProcessRead  usbd_msc_scsi.o
    0x08003b7c   0x00000058   Code   RO        11567    i.SCSI_ProcessReadComplete  usbd_msc_scsi.o
    0x08003bd4   0x00000074   Code   RO        11568    i.SCSI_ProcessWrite  usbd_msc_scsi.o
    0x08003c48   0x00000070   Code   RO        11569    i.SCSI_ProcessWriteComplete  usbd_msc_scsi.o
    0x08003cb8   0x000000f0   Code   RO        11570    i.SCSI_Read10       usbd_msc_scsi.o
    0x08003da8   0x000000a8   Code   RO        11571    i.SCSI_ReadCapacity10  usbd_msc_scsi.o
    0x08003e50   0x000000ac   Code   RO        11572    i.SCSI_ReadFormatCapacity  usbd_msc_scsi.o
    0x08003efc   0x000000a8   Code   RO        11573    i.SCSI_RequestSense  usbd_msc_scsi.o
    0x08003fa4   0x0000003c   Code   RO        11574    i.SCSI_SenseCode    usbd_msc_scsi.o
    0x08003fe0   0x00000030   Code   RO        11575    i.SCSI_StartStopUnit  usbd_msc_scsi.o
    0x08004010   0x00000050   Code   RO        11576    i.SCSI_TestUnitReady  usbd_msc_scsi.o
    0x08004060   0x00000050   Code   RO        11577    i.SCSI_Verify10     usbd_msc_scsi.o
    0x080040b0   0x00000134   Code   RO        11578    i.SCSI_Write10      usbd_msc_scsi.o
    0x080041e4   0x0000000c   Code   RO         8596    i.SDIO_ClearFlag    stm32f4xx_sdio.o
    0x080041f0   0x0000000c   Code   RO         8597    i.SDIO_ClearITPendingBit  stm32f4xx_sdio.o
    0x080041fc   0x0000000c   Code   RO         8601    i.SDIO_DMACmd       stm32f4xx_sdio.o
    0x08004208   0x00000034   Code   RO         8602    i.SDIO_DataConfig   stm32f4xx_sdio.o
    0x0800423c   0x0000000c   Code   RO         8605    i.SDIO_GetCommandResponse  stm32f4xx_sdio.o
    0x08004248   0x00000018   Code   RO         8608    i.SDIO_GetFlagStatus  stm32f4xx_sdio.o
    0x08004260   0x00000018   Code   RO         8609    i.SDIO_GetITStatus  stm32f4xx_sdio.o
    0x08004278   0x00000018   Code   RO         8611    i.SDIO_GetResponse  stm32f4xx_sdio.o
    0x08004290   0x00000008   Code   RO        10144    i.SDIO_IRQHandler   sdio.o
    0x08004298   0x00000020   Code   RO         8612    i.SDIO_ITConfig     stm32f4xx_sdio.o
    0x080042b8   0x0000000c   Code   RO         8614    i.SDIO_ReadData     stm32f4xx_sdio.o
    0x080042c4   0x0000002c   Code   RO         8616    i.SDIO_SendCommand  stm32f4xx_sdio.o
    0x080042f0   0x00000038   Code   RO        10146    i.SD_Detect         sdio.o
    0x08004328   0x0000000c   Code   RO        10147    i.SD_DetectLowLevel  sdio.o
    0x08004334   0x000000d8   Code   RO        10150    i.SD_GetCardStatus  sdio.o
    0x0800440c   0x00000026   Code   RO        10151    i.SD_GetState       sdio.o
    0x08004432   0x0000001e   Code   RO        10152    i.SD_GetStatus      sdio.o
    0x08004450   0x0000000c   Code   RO        10154    i.SD_Initialized    sdio.o
    0x0800445c   0x00000088   Code   RO        10155    i.SD_LowLevel_DMA_RxConfig  sdio.o
    0x080044e4   0x00000088   Code   RO        10156    i.SD_LowLevel_DMA_TxConfig  sdio.o
    0x0800456c   0x00000020   Code   RO        10159    i.SD_ProcessDMAIRQ  sdio.o
    0x0800458c   0x000000f8   Code   RO        10160    i.SD_ProcessIRQSrc  sdio.o
    0x08004684   0x000000cc   Code   RO        10162    i.SD_ReadMultiBlocks  sdio.o
    0x08004750   0x0000018c   Code   RO        10164    i.SD_SendSDStatus   sdio.o
    0x080048dc   0x00000050   Code   RO        10165    i.SD_SendStatus     sdio.o
    0x0800492c   0x00000030   Code   RO        10166    i.SD_StopTransfer   sdio.o
    0x0800495c   0x0000000c   Code   RO        10167    i.SD_TransferComplete  sdio.o
    0x08004968   0x00000120   Code   RO        10171    i.SD_WriteMultiBlocks  sdio.o
    0x08004a88   0x00000018   Code   RO         8820    i.SPI_Cmd           stm32f4xx_spi.o
    0x08004aa0   0x00000012   Code   RO         8826    i.SPI_I2S_DMACmd    stm32f4xx_spi.o
    0x08004ab2   0x00000002   PAD
    0x08004ab4   0x000000b0   Code   RO         8827    i.SPI_I2S_DeInit    stm32f4xx_spi.o
    0x08004b64   0x00000006   Code   RO         8831    i.SPI_I2S_ReceiveData  stm32f4xx_spi.o
    0x08004b6a   0x0000003c   Code   RO         8833    i.SPI_Init          stm32f4xx_spi.o
    0x08004ba6   0x00000002   PAD
    0x08004ba8   0x00000014   Code   RO        11796    i.STORAGE_Eject     usbd_storage_msd.o
    0x08004bbc   0x00000030   Code   RO        11797    i.STORAGE_GetCapacity  usbd_storage_msd.o
    0x08004bec   0x00000004   Code   RO        11798    i.STORAGE_GetMaxLun  usbd_storage_msd.o
    0x08004bf0   0x0000001c   Code   RO        11799    i.STORAGE_Init      usbd_storage_msd.o
    0x08004c0c   0x00000040   Code   RO        11800    i.STORAGE_IsReady   usbd_storage_msd.o
    0x08004c4c   0x00000006   Code   RO        11801    i.STORAGE_IsWriteProtected  usbd_storage_msd.o
    0x08004c52   0x00000002   PAD
    0x08004c54   0x00000054   Code   RO        11802    i.STORAGE_Read      usbd_storage_msd.o
    0x08004ca8   0x00000054   Code   RO        11803    i.STORAGE_Write     usbd_storage_msd.o
    0x08004cfc   0x0000000c   Code   RO         8982    i.SYSCFG_CompensationCellCmd  stm32f4xx_syscfg.o
    0x08004d08   0x00000040   Code   RO         8985    i.SYSCFG_EXTILineConfig  stm32f4xx_syscfg.o
    0x08004d48   0x00000120   Code   RO         3876    i.SetSysClock       system_stm32f4xx.o
    0x08004e68   0x00000034   Code   RO         4892    i.SysTick_Handler   port.o
    0x08004e9c   0x00000068   Code   RO         3878    i.SystemInit        system_stm32f4xx.o
    0x08004f04   0x00000034   Code   RO          861    i.TIM7_IRQHandler   tick.o
    0x08004f38   0x00000098   Code   RO          350    i.TIM8_BRK_TIM12_IRQHandler  d_imu.o
    0x08004fd0   0x00000006   Code   RO         9053    i.TIM_ClearITPendingBit  stm32f4xx_tim.o
    0x08004fd6   0x00000018   Code   RO         9058    i.TIM_Cmd           stm32f4xx_tim.o
    0x08004fee   0x00000022   Code   RO         9079    i.TIM_GetITStatus   stm32f4xx_tim.o
    0x08005010   0x0000007c   Code   RO         9087    i.TIM_OC1Init       stm32f4xx_tim.o
    0x0800508c   0x00000012   Code   RO         9090    i.TIM_OC1PreloadConfig  stm32f4xx_tim.o
    0x0800509e   0x00000002   PAD
    0x080050a0   0x000000a4   Code   RO         9092    i.TIM_OC2Init       stm32f4xx_tim.o
    0x08005144   0x0000001a   Code   RO         9095    i.TIM_OC2PreloadConfig  stm32f4xx_tim.o
    0x0800515e   0x00000014   Code   RO         9105    i.TIM_OCStructInit  stm32f4xx_tim.o
    0x08005172   0x00000004   Code   RO         9124    i.TIM_SetCounter    stm32f4xx_tim.o
    0x08005176   0x00000002   PAD
    0x08005178   0x00000084   Code   RO         9130    i.TIM_TimeBaseInit  stm32f4xx_tim.o
    0x080051fc   0x0000004c   Code   RO          862    i.TickInit          tick.o
    0x08005248   0x00000068   Code   RO         1966    i.UART4_IRQHandler  serial.o
    0x080052b0   0x00000068   Code   RO         1967    i.UART5_IRQHandler  serial.o
    0x08005318   0x00000068   Code   RO         1968    i.USART1_IRQHandler  serial.o
    0x08005380   0x00000068   Code   RO         1969    i.USART2_IRQHandler  serial.o
    0x080053e8   0x00000068   Code   RO         1970    i.USART3_IRQHandler  serial.o
    0x08005450   0x00000068   Code   RO         1971    i.USART6_IRQHandler  serial.o
    0x080054b8   0x00000018   Code   RO         9612    i.USART_Cmd         stm32f4xx_usart.o
    0x080054d0   0x00000012   Code   RO         9613    i.USART_DMACmd      stm32f4xx_usart.o
    0x080054e2   0x0000004a   Code   RO         9618    i.USART_ITConfig    stm32f4xx_usart.o
    0x0800552c   0x000000d4   Code   RO         9619    i.USART_Init        stm32f4xx_usart.o
    0x08005600   0x00000016   Code   RO         9625    i.USART_OverSampling8Cmd  stm32f4xx_usart.o
    0x08005616   0x00000018   Code   RO         9635    i.USART_StructInit  stm32f4xx_usart.o
    0x0800562e   0x00000016   Code   RO        11199    i.USBD_ClrCfg       usbd_core.o
    0x08005644   0x00000048   Code   RO        11689    i.USBD_ClrFeature   usbd_req.o
    0x0800568c   0x0000001e   Code   RO        11378    i.USBD_CtlContinueRx  usbd_ioreq.o
    0x080056aa   0x0000001e   Code   RO        11379    i.USBD_CtlContinueSendData  usbd_ioreq.o
    0x080056c8   0x0000001e   Code   RO        11690    i.USBD_CtlError     usbd_req.o
    0x080056e6   0x0000002e   Code   RO        11380    i.USBD_CtlPrepareRx  usbd_ioreq.o
    0x08005714   0x00000024   Code   RO        11381    i.USBD_CtlReceiveStatus  usbd_ioreq.o
    0x08005738   0x0000002e   Code   RO        11382    i.USBD_CtlSendData  usbd_ioreq.o
    0x08005766   0x00000024   Code   RO        11383    i.USBD_CtlSendStatus  usbd_ioreq.o
    0x0800578a   0x000000d0   Code   RO        11200    i.USBD_DataInStage  usbd_core.o
    0x0800585a   0x00000096   Code   RO        11201    i.USBD_DataOutStage  usbd_core.o
    0x080058f0   0x00000006   Code   RO        11202    i.USBD_DeInit       usbd_core.o
    0x080058f6   0x00000002   PAD
    0x080058f8   0x00000054   Code   RO        11691    i.USBD_GetConfig    usbd_req.o
    0x0800594c   0x0000012c   Code   RO        11692    i.USBD_GetDescriptor  usbd_req.o
    0x08005a78   0x00000014   Code   RO        11693    i.USBD_GetLen       usbd_req.o
    0x08005a8c   0x00000014   Code   RO        11384    i.USBD_GetRxCount   usbd_ioreq.o
    0x08005aa0   0x00000050   Code   RO        11694    i.USBD_GetStatus    usbd_req.o
    0x08005af0   0x00000052   Code   RO        11695    i.USBD_GetString    usbd_req.o
    0x08005b42   0x00000042   Code   RO        11203    i.USBD_Init         usbd_core.o
    0x08005b84   0x00000012   Code   RO        11204    i.USBD_IsoINIncomplete  usbd_core.o
    0x08005b96   0x00000012   Code   RO        11205    i.USBD_IsoOUTIncomplete  usbd_core.o
    0x08005ba8   0x000000e0   Code   RO        11033    i.USBD_OTG_ISR_Handler  usb_dcd_int.o
    0x08005c88   0x00000048   Code   RO        11696    i.USBD_ParseSetupRequest  usbd_req.o
    0x08005cd0   0x00000032   Code   RO        11206    i.USBD_Reset        usbd_core.o
    0x08005d02   0x0000001e   Code   RO        11207    i.USBD_Resume       usbd_core.o
    0x08005d20   0x00000014   Code   RO        11208    i.USBD_RunTestMode  usbd_core.o
    0x08005d34   0x0000001a   Code   RO        11209    i.USBD_SOF          usbd_core.o
    0x08005d4e   0x0000005c   Code   RO        11697    i.USBD_SetAddress   usbd_req.o
    0x08005daa   0x0000001e   Code   RO        11210    i.USBD_SetCfg       usbd_core.o
    0x08005dc8   0x000000d0   Code   RO        11698    i.USBD_SetConfig    usbd_req.o
    0x08005e98   0x000000a4   Code   RO        11699    i.USBD_SetFeature   usbd_req.o
    0x08005f3c   0x00000054   Code   RO        11211    i.USBD_SetupStage   usbd_core.o
    0x08005f90   0x00000072   Code   RO        11700    i.USBD_StdDevReq    usbd_req.o
    0x08006002   0x00000002   PAD
    0x08006004   0x0000015c   Code   RO        11701    i.USBD_StdEPReq     usbd_req.o
    0x08006160   0x0000004c   Code   RO        11702    i.USBD_StdItfReq    usbd_req.o
    0x080061ac   0x00000020   Code   RO        11212    i.USBD_Suspend      usbd_core.o
    0x080061cc   0x0000003c   Code   RO        11301    i.USBD_USR_ConfigStrDescriptor  usbd_desc.o
    0x08006208   0x00000002   Code   RO        10459    i.USBD_USR_DeviceConfigured  usb.o
    0x0800620a   0x00000002   Code   RO        10460    i.USBD_USR_DeviceConnected  usb.o
    0x0800620c   0x00000010   Code   RO        11302    i.USBD_USR_DeviceDescriptor  usbd_desc.o
    0x0800621c   0x00000002   Code   RO        10461    i.USBD_USR_DeviceDisconnected  usb.o
    0x0800621e   0x00000002   Code   RO        10462    i.USBD_USR_DeviceReset  usb.o
    0x08006220   0x00000002   Code   RO        10463    i.USBD_USR_DeviceResumed  usb.o
    0x08006222   0x00000002   PAD
    0x08006224   0x00000014   Code   RO        10464    i.USBD_USR_DeviceSuspended  usb.o
    0x08006238   0x00000002   Code   RO        10465    i.USBD_USR_Init     usb.o
    0x0800623a   0x00000002   PAD
    0x0800623c   0x00000038   Code   RO        11303    i.USBD_USR_InterfaceStrDescriptor  usbd_desc.o
    0x08006274   0x00000010   Code   RO        11304    i.USBD_USR_LangIDStrDescriptor  usbd_desc.o
    0x08006284   0x00000028   Code   RO        11305    i.USBD_USR_ManufacturerStrDescriptor  usbd_desc.o
    0x080062ac   0x00000060   Code   RO        11306    i.USBD_USR_ProductStrDescriptor  usbd_desc.o
    0x0800630c   0x00000048   Code   RO        11307    i.USBD_USR_SerialStrDescriptor  usbd_desc.o
    0x08006354   0x0000003c   Code   RO        11308    i.USBD_USR_USRStringDesc  usbd_desc.o
    0x08006390   0x00000010   Code   RO        11114    i.USBD_cdc_msc_GetCfgDesc  usbd_cdc_msc_core.o
    0x080063a0   0x00000024   Code   RO        10636    i.USB_OTG_BSP_EnableInterrupt  usb_bsp.o
    0x080063c4   0x00000088   Code   RO        10637    i.USB_OTG_BSP_Init  usb_bsp.o
    0x0800644c   0x00000012   Code   RO        10638    i.USB_OTG_BSP_mDelay  usb_bsp.o
    0x0800645e   0x0000001e   Code   RO        10639    i.USB_OTG_BSP_uDelay  usb_bsp.o
    0x0800647c   0x00000126   Code   RO        10686    i.USB_OTG_CoreInit  usb_core.o
    0x080065a2   0x00000212   Code   RO        10687    i.USB_OTG_CoreInitDev  usb_core.o
    0x080067b4   0x00000070   Code   RO        10688    i.USB_OTG_CoreReset  usb_core.o
    0x08006824   0x00000022   Code   RO        10689    i.USB_OTG_DisableGlobalInt  usb_core.o
    0x08006846   0x0000006a   Code   RO        10690    i.USB_OTG_EP0Activate  usb_core.o
    0x080068b0   0x00000156   Code   RO        10691    i.USB_OTG_EP0StartXfer  usb_core.o
    0x08006a06   0x00000062   Code   RO        10692    i.USB_OTG_EP0_OutStart  usb_core.o
    0x08006a68   0x00000098   Code   RO        10693    i.USB_OTG_EPActivate  usb_core.o
    0x08006b00   0x00000050   Code   RO        10694    i.USB_OTG_EPClearStall  usb_core.o
    0x08006b50   0x0000005e   Code   RO        10695    i.USB_OTG_EPDeactivate  usb_core.o
    0x08006bae   0x00000064   Code   RO        10696    i.USB_OTG_EPSetStall  usb_core.o
    0x08006c12   0x000001f6   Code   RO        10697    i.USB_OTG_EPStartXfer  usb_core.o
    0x08006e08   0x00000034   Code   RO        10698    i.USB_OTG_EnableCommonInt  usb_core.o
    0x08006e3c   0x0000009a   Code   RO        10699    i.USB_OTG_EnableDevInt  usb_core.o
    0x08006ed6   0x00000022   Code   RO        10700    i.USB_OTG_EnableGlobalInt  usb_core.o
    0x08006ef8   0x0000004c   Code   RO        10701    i.USB_OTG_FlushRxFifo  usb_core.o
    0x08006f44   0x00000054   Code   RO        10702    i.USB_OTG_FlushTxFifo  usb_core.o
    0x08006f98   0x00000034   Code   RO        10703    i.USB_OTG_GetDeviceSpeed  usb_core.o
    0x08006fcc   0x0000000c   Code   RO        10705    i.USB_OTG_GetMode   usb_core.o
    0x08006fd8   0x00000018   Code   RO        10706    i.USB_OTG_InitDevSpeed  usb_core.o
    0x08006ff0   0x00000016   Code   RO        10707    i.USB_OTG_IsDeviceMode  usb_core.o
    0x08007006   0x00000010   Code   RO        10709    i.USB_OTG_ReadCoreItr  usb_core.o
    0x08007016   0x00000010   Code   RO        10710    i.USB_OTG_ReadDevAllInEPItr  usb_core.o
    0x08007026   0x00000010   Code   RO        10711    i.USB_OTG_ReadDevAllOutEp_itr  usb_core.o
    0x08007036   0x00000014   Code   RO        10712    i.USB_OTG_ReadDevOutEP_itr  usb_core.o
    0x0800704a   0x00000028   Code   RO        10714    i.USB_OTG_ReadPacket  usb_core.o
    0x08007072   0x00000002   PAD
    0x08007074   0x000000d0   Code   RO        10715    i.USB_OTG_SelectCore  usb_core.o
    0x08007144   0x0000004e   Code   RO        10716    i.USB_OTG_SetCurrentMode  usb_core.o
    0x08007192   0x00000036   Code   RO        10719    i.USB_OTG_UngateClock  usb_core.o
    0x080071c8   0x00000040   Code   RO        10720    i.USB_OTG_WritePacket  usb_core.o
    0x08007208   0x00000004   Code   RO         3824    i.UsageFault_Handler  stm32f4xx_it.o
    0x0800720c   0x0000000c   Code   RO         3163    i._MAV_RETURN_float  aq_mavlink.o
    0x08007218   0x0000000a   Code   RO         3164    i._MAV_RETURN_int16_t  aq_mavlink.o
    0x08007222   0x0000000a   Code   RO         3165    i._MAV_RETURN_uint16_t  aq_mavlink.o
    0x0800722c   0x00000020   Code   RO        12438    i.__0printf         mc_w.l(printfa.o)
    0x0800724c   0x00000028   Code   RO        12439    i.__0snprintf       mc_w.l(printfa.o)
    0x08007274   0x00000028   Code   RO        12440    i.__0sprintf        mc_w.l(printfa.o)
    0x0800729c   0x00000030   Code   RO        12553    i.__ARM_fpclassify  m_wm.l(fpclassify.o)
    0x080072cc   0x00000026   Code   RO        12555    i.__ARM_fpclassifyf  m_wm.l(fpclassifyf.o)
    0x080072f2   0x00000002   PAD
    0x080072f4   0x00000008   Code   RO        12628    i.__aeabi_errno_addr  mc_w.l(errno.o)
    0x080072fc   0x0000012c   Code   RO        12046    i.__hardfp_asinf    m_wm.l(asinf.o)
    0x08007428   0x00000250   Code   RO        12058    i.__hardfp_atan2f   m_wm.l(atan2f.o)
    0x08007678   0x00000160   Code   RO        12070    i.__hardfp_atanf    m_wm.l(atanf.o)
    0x080077d8   0x000000c8   Code   RO        12082    i.__hardfp_cos      m_wm.l(cos.o)
    0x080078a0   0x00000150   Code   RO        12094    i.__hardfp_cosf     m_wm.l(cosf.o)
    0x080079f0   0x00000180   Code   RO        12106    i.__hardfp_log10f   m_wm.l(log10f.o)
    0x08007b70   0x00000c50   Code   RO        12120    i.__hardfp_pow      m_wm.l(pow.o)
    0x080087c0   0x00000664   Code   RO        12134    i.__hardfp_powf     m_wm.l(powf.o)
    0x08008e24   0x00000004   PAD
    0x08008e28   0x000000c8   Code   RO        12148    i.__hardfp_sin      m_wm.l(sin.o)
    0x08008ef0   0x00000190   Code   RO        12160    i.__hardfp_sinf     m_wm.l(sinf.o)
    0x08009080   0x0000007a   Code   RO        12172    i.__hardfp_sqrt     m_wm.l(sqrt_full.o)
    0x080090fa   0x00000006   PAD
    0x08009100   0x00000438   Code   RO        12574    i.__ieee754_rem_pio2  m_wm.l(rred.o)
    0x08009538   0x00000170   Code   RO        12530    i.__kernel_cos      m_wm.l(cos_i.o)
    0x080096a8   0x000000f8   Code   RO        12571    i.__kernel_poly     m_wm.l(poly.o)
    0x080097a0   0x00000130   Code   RO        12582    i.__kernel_sin      m_wm.l(sin_i.o)
    0x080098d0   0x00000030   Code   RO        12533    i.__mathlib_dbl_divzero  m_wm.l(dunder.o)
    0x08009900   0x00000014   Code   RO        12534    i.__mathlib_dbl_infnan  m_wm.l(dunder.o)
    0x08009914   0x00000014   Code   RO        12535    i.__mathlib_dbl_infnan2  m_wm.l(dunder.o)
    0x08009928   0x00000020   Code   RO        12536    i.__mathlib_dbl_invalid  m_wm.l(dunder.o)
    0x08009948   0x00000020   Code   RO        12537    i.__mathlib_dbl_overflow  m_wm.l(dunder.o)
    0x08009968   0x00000020   Code   RO        12539    i.__mathlib_dbl_underflow  m_wm.l(dunder.o)
    0x08009988   0x00000014   Code   RO        12557    i.__mathlib_flt_divzero  m_wm.l(funder.o)
    0x0800999c   0x00000006   Code   RO        12558    i.__mathlib_flt_infnan  m_wm.l(funder.o)
    0x080099a2   0x00000006   Code   RO        12559    i.__mathlib_flt_infnan2  m_wm.l(funder.o)
    0x080099a8   0x00000010   Code   RO        12560    i.__mathlib_flt_invalid  m_wm.l(funder.o)
    0x080099b8   0x00000010   Code   RO        12561    i.__mathlib_flt_overflow  m_wm.l(funder.o)
    0x080099c8   0x00000010   Code   RO        12563    i.__mathlib_flt_underflow  m_wm.l(funder.o)
    0x080099d8   0x00000154   Code   RO        12579    i.__mathlib_rredf2  m_wm.l(rredf.o)
    0x08009b2c   0x0000000e   Code   RO        12703    i.__scatterload_copy  mc_w.l(handlers.o)
    0x08009b3a   0x00000002   Code   RO        12704    i.__scatterload_null  mc_w.l(handlers.o)
    0x08009b3c   0x0000000e   Code   RO        12705    i.__scatterload_zeroinit  mc_w.l(handlers.o)
    0x08009b4a   0x00000002   PAD
    0x08009b4c   0x0000000c   Code   RO        12630    i.__set_errno       mc_w.l(errno.o)
    0x08009b58   0x0000007c   Code   RO         1615    i._commSchedule     comm.o
    0x08009bd4   0x00000164   Code   RO        12445    i._fp_digits        mc_w.l(printfa.o)
    0x08009d38   0x0000000e   Code   RO        12504    i._is_digit         mc_w.l(scanf_fp.o)
    0x08009d46   0x00000002   PAD
    0x08009d48   0x000000d8   Code   RO         3166    i._mav_finalize_message_chan_send  aq_mavlink.o
    0x08009e20   0x00000014   Code   RO         3167    i._mavlink_send_uart  aq_mavlink.o
    0x08009e34   0x000006dc   Code   RO        12446    i._printf_core      mc_w.l(printfa.o)
    0x0800a510   0x00000024   Code   RO        12447    i._printf_post_padding  mc_w.l(printfa.o)
    0x0800a534   0x0000002e   Code   RO        12448    i._printf_pre_padding  mc_w.l(printfa.o)
    0x0800a562   0x0000003c   Code   RO         1974    i._serialStartTxDMA  serial.o
    0x0800a59e   0x00000016   Code   RO        12449    i._snputc           mc_w.l(printfa.o)
    0x0800a5b4   0x0000000a   Code   RO        12450    i._sputc            mc_w.l(printfa.o)
    0x0800a5be   0x00000002   PAD
    0x0800a5c0   0x00000050   Code   RO         2529    i.altDoPresUpdate   alt_ukf.o
    0x0800a610   0x000000b0   Code   RO         2530    i.altUkfInit        alt_ukf.o
    0x0800a6c0   0x00000012   Code   RO         2531    i.altUkfPresUpdate  alt_ukf.o
    0x0800a6d2   0x00000002   PAD
    0x0800a6d4   0x00000080   Code   RO         2532    i.altUkfProcess     alt_ukf.o
    0x0800a754   0x000000c8   Code   RO         2533    i.altUkfTimeUpdate  alt_ukf.o
    0x0800a81c   0x00000064   Code   RO          914    i.aqCalloc          util.o
    0x0800a880   0x00000058   Code   RO          915    i.aqDataCalloc      util.o
    0x0800a8d8   0x00000024   Code   RO          916    i.aqFree            util.o
    0x0800a8fc   0x00000044   Code   RO         1616    i.commAvailable     comm.o
    0x0800a940   0x00000164   Code   RO         1617    i.commCheckNotices  comm.o
    0x0800aaa4   0x00000050   Code   RO         1618    i.commCheckRcvr     comm.o
    0x0800aaf4   0x00000024   Code   RO         1619    i.commCheckTelem    comm.o
    0x0800ab18   0x00000038   Code   RO         1620    i.commGetNoticeBuf  comm.o
    0x0800ab50   0x000000dc   Code   RO         1621    i.commGetTxBuf      comm.o
    0x0800ac2c   0x00000168   Code   RO         1622    i.commInit          comm.o
    0x0800ad94   0x00000024   Code   RO         1623    i.commNotice        comm.o
    0x0800adb8   0x00000048   Code   RO         1624    i.commReadChar      comm.o
    0x0800ae00   0x00000024   Code   RO         1626    i.commRegisterNoticeFunc  comm.o
    0x0800ae24   0x00000028   Code   RO         1627    i.commRegisterRcvrFunc  comm.o
    0x0800ae4c   0x00000024   Code   RO         1628    i.commRegisterTelemFunc  comm.o
    0x0800ae70   0x00000020   Code   RO         1629    i.commSchedule      comm.o
    0x0800ae90   0x00000150   Code   RO         1630    i.commSendTxBuf     comm.o
    0x0800afe0   0x00000014   Code   RO         1631    i.commSetStreamType  comm.o
    0x0800aff4   0x00000020   Code   RO         1632    i.commSetTypesUsed  comm.o
    0x0800b014   0x00000010   Code   RO         1633    i.commStreamUsed    comm.o
    0x0800b024   0x00000024   Code   RO         1634    i.commTaskCode      comm.o
    0x0800b048   0x0000000c   Code   RO         1635    i.commTriggerSchedule  comm.o
    0x0800b054   0x00000020   Code   RO         1636    i.commTxFinished    comm.o
    0x0800b074   0x0000003c   Code   RO         2783    i.compassNormalize  compass.o
    0x0800b0b0   0x0000008c   Code   RO         1241    i.configFlashRead   config.o
    0x0800b13c   0x00000164   Code   RO         1242    i.configFlashWrite  config.o
    0x0800b2a0   0x00000068   Code   RO         1243    i.configFormatParam  config.o
    0x0800b308   0x00000074   Code   RO         1244    i.configGetParamIdByName  config.o
    0x0800b37c   0x0000007c   Code   RO         1245    i.configInit        config.o
    0x0800b3f8   0x00000a58   Code   RO         1246    i.configLoadDefault  config.o
    0x0800be50   0x00000100   Code   RO         1249    i.configParseParams  config.o
    0x0800bf50   0x00000012   Code   RO         1251    i.configTokenFindEmpty  config.o
    0x0800bf62   0x00000018   Code   RO         1253    i.configTokenIterate  config.o
    0x0800bf7a   0x00000014   Code   RO         1254    i.configTokenStore  config.o
    0x0800bf8e   0x00000022   Code   RO         3168    i.crc_accumulate    aq_mavlink.o
    0x0800bfb0   0x00000070   Code   RO          351    i.dIMUCalcTempDiff  d_imu.o
    0x0800c020   0x00000020   Code   RO          352    i.dIMUCancelAlarm1  d_imu.o
    0x0800c040   0x00000184   Code   RO          353    i.dIMUInit          d_imu.o
    0x0800c1c4   0x0000008c   Code   RO          354    i.dIMUReadCalib     d_imu.o
    0x0800c250   0x00000040   Code   RO          355    i.dIMUReadWriteCalib  d_imu.o
    0x0800c290   0x00000018   Code   RO          356    i.dIMURequestCalibRead  d_imu.o
    0x0800c2a8   0x00000018   Code   RO          357    i.dIMURequestCalibWrite  d_imu.o
    0x0800c2c0   0x00000038   Code   RO          358    i.dIMUSetAlarm1     d_imu.o
    0x0800c2f8   0x000001c0   Code   RO          359    i.dIMUTare          d_imu.o
    0x0800c4b8   0x00000064   Code   RO          360    i.dIMUTaskCode      d_imu.o
    0x0800c51c   0x000000e8   Code   RO          361    i.dIMUWriteCalib    d_imu.o
    0x0800c604   0x00000012   Code   RO          863    i.delay             tick.o
    0x0800c616   0x00000002   PAD
    0x0800c618   0x00000018   Code   RO          864    i.delay_micros      tick.o
    0x0800c630   0x0000007a   Code   RO          513    i.digitalInit       digital.o
    0x0800c6aa   0x00000002   PAD
    0x0800c6ac   0x00000088   Code   RO        10173    i.disk_ioctl        sdio.o
    0x0800c734   0x00000064   Code   RO         1360    i.eepromCheckFile   eeprom.o
    0x0800c798   0x0000003c   Code   RO         1361    i.eepromChecksum    eeprom.o
    0x0800c7d4   0x00000008   Code   RO         1362    i.eepromClose       eeprom.o
    0x0800c7dc   0x00000048   Code   RO         1363    i.eepromFormat      eeprom.o
    0x0800c824   0x00000020   Code   RO         1364    i.eepromInit        eeprom.o
    0x0800c844   0x0000002c   Code   RO         1365    i.eepromOpenRead    eeprom.o
    0x0800c870   0x0000004c   Code   RO         1366    i.eepromOpenWrite   eeprom.o
    0x0800c8bc   0x00000030   Code   RO         1367    i.eepromPreInit     eeprom.o
    0x0800c8ec   0x0000005c   Code   RO         1368    i.eepromRead        eeprom.o
    0x0800c948   0x00000044   Code   RO         1369    i.eepromReadBlock   eeprom.o
    0x0800c98c   0x0000007c   Code   RO         1370    i.eepromReadHeader  eeprom.o
    0x0800ca08   0x0000004c   Code   RO         1373    i.eepromWrite       eeprom.o
    0x0800ca54   0x00000048   Code   RO         1374    i.eepromWriteBlock  eeprom.o
    0x0800ca9c   0x00000030   Code   RO         1375    i.eepromWriteEnable  eeprom.o
    0x0800cacc   0x00000048   Code   RO         1376    i.eepromWriteHeader  eeprom.o
    0x0800cb14   0x00000204   Code   RO          548    i.extRegisterCallback  ext_irq.o
    0x0800cd18   0x00000018   Code   RO        12549    i.fabs              m_wm.l(fabs.o)
    0x0800cd30   0x0000000a   Code   RO         2601    i.fabsf             srcdkf.o
    0x0800cd3a   0x00000002   PAD
    0x0800cd3c   0x0000006c   Code   RO         1783    i.filerGetHandle    filer.o
    0x0800cda8   0x00000018   Code   RO         1795    i.filerSetHead      filer.o
    0x0800cdc0   0x0000003c   Code   RO         1796    i.filerStream       filer.o
    0x0800cdfc   0x00000054   Code   RO         1494    i.flashAddress      flash.o
    0x0800ce50   0x00000078   Code   RO         1495    i.flashErase        flash.o
    0x0800cec8   0x00000014   Code   RO         1496    i.flashSerno        flash.o
    0x0800cedc   0x00000008   Code   RO         1497    i.flashStartAddr    flash.o
    0x0800cee4   0x0000001c   Code   RO         9892    i.fputc             usart.o
    0x0800cf00   0x00000050   Code   RO        12466    i.free              mc_w.l(malloc.o)
    0x0800cf50   0x00000150   Code   RO          917    i.ftoa              util.o
    0x0800d0a0   0x000000a8   Code   RO         2250    i.gpsCheckBaud      gps.o
    0x0800d148   0x000000b8   Code   RO         2251    i.gpsInit           gps.o
    0x0800d200   0x00000028   Code   RO         2252    i.gpsPassThrough    gps.o
    0x0800d228   0x00000008   Code   RO         2254    i.gpsSendSetup      gps.o
    0x0800d230   0x00000088   Code   RO         2255    i.gpsTaskCode       gps.o
    0x0800d2b8   0x0000005a   Code   RO         1134    i.hmc5983CalibMag   hmc5983.o
    0x0800d312   0x00000002   PAD
    0x0800d314   0x00000098   Code   RO         1135    i.hmc5983Decode     hmc5983.o
    0x0800d3ac   0x00000010   Code   RO         1222    i.hmc5983Disable    hmc5983.o
    0x0800d3bc   0x00000018   Code   RO         1216    i.hmc5983Enable     hmc5983.o
    0x0800d3d4   0x00000020   Code   RO         1136    i.hmc5983GetReg     hmc5983.o
    0x0800d3f4   0x000000d4   Code   RO         1137    i.hmc5983Init       hmc5983.o
    0x0800d4c8   0x00000008   Code   RO         1138    i.hmc5983PreInit    hmc5983.o
    0x0800d4d0   0x00000050   Code   RO         1139    i.hmc5983Read       hmc5983.o
    0x0800d520   0x0000002a   Code   RO         1140    i.hmc5983ReliablySetReg  hmc5983.o
    0x0800d54a   0x00000002   PAD
    0x0800d54c   0x00000064   Code   RO         1141    i.hmc5983ScaleMag   hmc5983.o
    0x0800d5b0   0x00000020   Code   RO         1142    i.hmc5983SetReg     hmc5983.o
    0x0800d5d0   0x0000001c   Code   RO         1143    i.hmc5983TransferComplete  hmc5983.o
    0x0800d5ec   0x00000048   Code   RO         2471    i.imuCalcRot        imu.o
    0x0800d634   0x00000020   Code   RO         2472    i.imuDImuDRateReady  imu.o
    0x0800d654   0x00000020   Code   RO         2473    i.imuDImuSensorReady  imu.o
    0x0800d674   0x0000001c   Code   RO         2474    i.imuInit           imu.o
    0x0800d690   0x000000f0   Code   RO         2475    i.imuQuasiStatic    imu.o
    0x0800d780   0x00000094   Code   RO          918    i.info              util.o
    0x0800d814   0x00000050   Code   RO            4    i.init_task         main.o
    0x0800d864   0x00000040   Code   RO            5    i.main              main.o
    0x0800d8a4   0x0000006c   Code   RO        12467    i.malloc            mc_w.l(malloc.o)
    0x0800d910   0x000000f2   Code   RO         2711    i.matrixDiv_f32     algebra.o
    0x0800da02   0x00000002   PAD
    0x0800da04   0x0000003c   Code   RO         2713    i.matrixInit        algebra.o
    0x0800da40   0x00000020   Code   RO         3169    i.mav_array_memcpy  aq_mavlink.o
    0x0800da60   0x00000b90   Code   RO         3170    i.mavlinkDo         aq_mavlink.o
    0x0800e5f0   0x000002f4   Code   RO         3171    i.mavlinkDoCommand  aq_mavlink.o
    0x0800e8e4   0x0000018c   Code   RO         3172    i.mavlinkInit       aq_mavlink.o
    0x0800ea70   0x000002f8   Code   RO         3173    i.mavlinkRecvTaskCode  aq_mavlink.o
    0x0800ed68   0x00000030   Code   RO         3174    i.mavlinkSendNotice  aq_mavlink.o
    0x0800ed98   0x0000003c   Code   RO         3175    i.mavlinkSendPacket  aq_mavlink.o
    0x0800edd4   0x00000030   Code   RO         3177    i.mavlinkToggleStreams  aq_mavlink.o
    0x0800ee04   0x000001a0   Code   RO         3180    i.mavlink_frame_char_buffer  aq_mavlink.o
    0x0800efa4   0x00000014   Code   RO         3181    i.mavlink_get_channel_buffer  aq_mavlink.o
    0x0800efb8   0x00000014   Code   RO         3182    i.mavlink_get_channel_status  aq_mavlink.o
    0x0800efcc   0x000000c8   Code   RO         3183    i.mavlink_msg_aq_telemetry_f_send  aq_mavlink.o
    0x0800f094   0x0000000e   Code   RO         3184    i.mavlink_msg_command_long_get_param1  aq_mavlink.o
    0x0800f0a2   0x0000000e   Code   RO         3185    i.mavlink_msg_command_long_get_param2  aq_mavlink.o
    0x0800f0b0   0x0000002c   Code   RO         3186    i.mavlink_msg_data_stream_send  aq_mavlink.o
    0x0800f0dc   0x0000004e   Code   RO         3187    i.mavlink_msg_param_value_send  aq_mavlink.o
    0x0800f12a   0x00000078   Code   RO         3188    i.mavlink_parse_char  aq_mavlink.o
    0x0800f1a2   0x0000000c   Code   RO         3189    i.mavlink_start_checksum  aq_mavlink.o
    0x0800f1ae   0x00000010   Code   RO         3190    i.mavlink_update_checksum  aq_mavlink.o
    0x0800f1be   0x00000002   PAD
    0x0800f1c0   0x000000d8   Code   RO         1046    i.ms5611Callback    ms5611.o
    0x0800f298   0x00000084   Code   RO         1047    i.ms5611CheckSum    ms5611.o
    0x0800f31c   0x00000218   Code   RO         1048    i.ms5611Decode      ms5611.o
    0x0800f534   0x00000010   Code   RO         1049    i.ms5611Disable     ms5611.o
    0x0800f544   0x0000002c   Code   RO         1050    i.ms5611Enable      ms5611.o
    0x0800f570   0x000000c8   Code   RO         1051    i.ms5611Init        ms5611.o
    0x0800f638   0x00000030   Code   RO         1053    i.ms5611PreInit     ms5611.o
    0x0800f668   0x00000050   Code   RO         1054    i.ms5611Read        ms5611.o
    0x0800f6b8   0x00000034   Code   RO         1055    i.ms5611SendCommand  ms5611.o
    0x0800f6ec   0x0000001c   Code   RO         3116    i.navPressureAdjust  run.o
    0x0800f708   0x0000004c   Code   RO         2821    i.navUkfAccUpdate   nav_ukf.o
    0x0800f754   0x00000154   Code   RO         2822    i.navUkfCalcEarthRadius  nav_ukf.o
    0x0800f8a8   0x000000a8   Code   RO         2823    i.navUkfCalcGlobalDistance  nav_ukf.o
    0x0800f950   0x00000060   Code   RO         2824    i.navUkfCalcLocalDistance  nav_ukf.o
    0x0800f9b0   0x000000b8   Code   RO         2825    i.navUkfFinish      nav_ukf.o
    0x0800fa68   0x000002e4   Code   RO         2826    i.navUkfFlowUpdate  nav_ukf.o
    0x0800fd4c   0x00000380   Code   RO         2827    i.navUkfGpsPosUpdate  nav_ukf.o
    0x080100cc   0x000002d0   Code   RO         2828    i.navUkfGpsVelUpdate  nav_ukf.o
    0x0801039c   0x0000011c   Code   RO         2829    i.navUkfInertialUpdate  nav_ukf.o
    0x080104b8   0x00000288   Code   RO         2830    i.navUkfInit        nav_ukf.o
    0x08010740   0x000002e8   Code   RO         2831    i.navUkfInitState   nav_ukf.o
    0x08010a28   0x0000006e   Code   RO         2834    i.navUkfNormalizeQuat  nav_ukf.o
    0x08010a96   0x0000004e   Code   RO         2835    i.navUkfNormalizeVec3  nav_ukf.o
    0x08010ae4   0x00000032   Code   RO         2836    i.navUkfOfPosUpdate  nav_ukf.o
    0x08010b16   0x00000002   PAD
    0x08010b18   0x000000ac   Code   RO         2838    i.navUkfOpticalFlow  nav_ukf.o
    0x08010bc4   0x00000032   Code   RO         2839    i.navUkfPosUpdate   nav_ukf.o
    0x08010bf6   0x00000022   Code   RO         2840    i.navUkfPresGPSAltUpdate  nav_ukf.o
    0x08010c18   0x00000044   Code   RO         2841    i.navUkfPresToAlt   nav_ukf.o
    0x08010c5c   0x00000012   Code   RO         2842    i.navUkfPresUpdate  nav_ukf.o
    0x08010c6e   0x000000b8   Code   RO         2843    i.navUkfQuatExtractEuler  nav_ukf.o
    0x08010d26   0x0000016a   Code   RO         2844    i.navUkfQuatToMatrix  nav_ukf.o
    0x08010e90   0x0000002a   Code   RO         2845    i.navUkfRateUpdate  nav_ukf.o
    0x08010eba   0x00000002   PAD
    0x08010ebc   0x000000b4   Code   RO         2847    i.navUkfResetPosition  nav_ukf.o
    0x08010f70   0x0000011a   Code   RO         2849    i.navUkfRotateQuat  nav_ukf.o
    0x0801108a   0x0000007a   Code   RO         2850    i.navUkfRotateVecByMatrix  nav_ukf.o
    0x08011104   0x0000007a   Code   RO         2851    i.navUkfRotateVecByRevMatrix  nav_ukf.o
    0x0801117e   0x000001ae   Code   RO         2852    i.navUkfRotateVectorByQuat  nav_ukf.o
    0x0801132c   0x00000040   Code   RO         2853    i.navUkfRotateVectorByRevQuat  nav_ukf.o
    0x0801136c   0x0000008c   Code   RO         2854    i.navUkfSetGlobalPositionTarget  nav_ukf.o
    0x080113f8   0x000003e4   Code   RO         2857    i.navUkfTimeUpdate  nav_ukf.o
    0x080117dc   0x00000032   Code   RO         2858    i.navUkfVelUpdate   nav_ukf.o
    0x0801180e   0x00000002   PAD
    0x08011810   0x00000098   Code   RO         2859    i.navUkfZeroPos     nav_ukf.o
    0x080118a8   0x00000054   Code   RO         2860    i.navUkfZeroRate    nav_ukf.o
    0x080118fc   0x0000008c   Code   RO         2861    i.navUkfZeroVel     nav_ukf.o
    0x08011988   0x00000098   Code   RO         4338    i.prvAddCurrentTaskToDelayedList  tasks.o
    0x08011a20   0x000000b4   Code   RO         4339    i.prvAddNewTaskToReadyList  tasks.o
    0x08011ad4   0x00000064   Code   RO         4680    i.prvCheckForValidListAndQueue  timers.o
    0x08011b38   0x00000064   Code   RO         4340    i.prvCheckTasksWaitingTermination  tasks.o
    0x08011b9c   0x0000002a   Code   RO         4107    i.prvCopyDataFromQueue  queue.o
    0x08011bc6   0x0000007c   Code   RO         4108    i.prvCopyDataToQueue  queue.o
    0x08011c42   0x00000012   Code   RO         4341    i.prvDeleteTCB      tasks.o
    0x08011c54   0x00000028   Code   RO         4681    i.prvGetNextExpireTime  timers.o
    0x08011c7c   0x0000007c   Code   RO         4826    i.prvHeapInit       heap_4.o
    0x08011cf8   0x00000028   Code   RO         4342    i.prvIdleTask       tasks.o
    0x08011d20   0x0000001c   Code   RO         4109    i.prvInitialiseMutex  queue.o
    0x08011d3c   0x0000002a   Code   RO         4110    i.prvInitialiseNewQueue  queue.o
    0x08011d66   0x00000002   PAD
    0x08011d68   0x000000d4   Code   RO         4343    i.prvInitialiseNewTask  tasks.o
    0x08011e3c   0x00000068   Code   RO         4344    i.prvInitialiseTaskLists  tasks.o
    0x08011ea4   0x00000068   Code   RO         4827    i.prvInsertBlockIntoFreeList  heap_4.o
    0x08011f0c   0x00000058   Code   RO         4683    i.prvInsertTimerInActiveList  timers.o
    0x08011f64   0x0000001a   Code   RO         4111    i.prvIsQueueEmpty   queue.o
    0x08011f7e   0x0000001e   Code   RO         4112    i.prvIsQueueFull    queue.o
    0x08011f9c   0x000000a4   Code   RO         4113    i.prvNotifyQueueSetContainer  queue.o
    0x08012040   0x00000084   Code   RO         4684    i.prvProcessExpiredTimer  timers.o
    0x080120c4   0x00000130   Code   RO         4685    i.prvProcessReceivedCommands  timers.o
    0x080121f4   0x00000074   Code   RO         4686    i.prvProcessTimerOrBlockTask  timers.o
    0x08012268   0x00000034   Code   RO         4345    i.prvResetNextTaskUnblockTime  tasks.o
    0x0801229c   0x0000002c   Code   RO         4687    i.prvSampleTimeNow  timers.o
    0x080122c8   0x000000c0   Code   RO         4688    i.prvSwitchTimerLists  timers.o
    0x08012388   0x00000078   Code   RO         4893    i.prvTaskExitError  port.o
    0x08012400   0x0000001e   Code   RO         3949    i.prvTestWaitCondition  event_groups.o
    0x0801241e   0x0000001a   Code   RO         4689    i.prvTimerTask      timers.o
    0x08012438   0x00000092   Code   RO         4114    i.prvUnlockQueue    queue.o
    0x080124ca   0x00000002   PAD
    0x080124cc   0x00000158   Code   RO         4828    i.pvPortMalloc      heap_4.o
    0x08012624   0x00000020   Code   RO         4348    i.pvTaskIncrementMutexHeldCount  tasks.o
    0x08012644   0x0000002c   Code   RO         4894    i.pxPortInitialiseStack  port.o
    0x08012670   0x000002f4   Code   RO         2714    i.qrDecompositionT_f32  algebra.o
    0x08012964   0x00000048   Code   RO         1929    i.rccConfiguration  rcc.o
    0x080129ac   0x000001ac   Code   RO         3117    i.runInit           run.o
    0x08012b58   0x00000664   Code   RO         3118    i.runTaskCode       run.o
    0x080131bc   0x00000024   Code   RO        10179    i.sdioIntHandler    sdio.o
    0x080131e0   0x0000011c   Code   RO        10180    i.sdioLowLevelInit  sdio.o
    0x080132fc   0x00000010   Code   RO        10181    i.sdioSetCallback   sdio.o
    0x0801330c   0x00000028   Code   RO         1975    i.serialAvailable   serial.o
    0x08013334   0x00000010   Code   RO         1976    i.serialChangeBaud  serial.o
    0x08013344   0x000001a8   Code   RO         1979    i.serialOpen        serial.o
    0x080134ec   0x00000046   Code   RO         1980    i.serialOpenUART    serial.o
    0x08013532   0x00000038   Code   RO         1982    i.serialRead        serial.o
    0x0801356a   0x00000002   PAD
    0x0801356c   0x00000040   Code   RO         1985    i.serialStartTxDMA  serial.o
    0x080135ac   0x0000010c   Code   RO         1986    i.serialUSART1      serial.o
    0x080136b8   0x00000108   Code   RO         1987    i.serialUSART2      serial.o
    0x080137c0   0x000000cc   Code   RO         1988    i.serialUSART3      serial.o
    0x0801388c   0x000000c8   Code   RO         1989    i.serialUSART4      serial.o
    0x08013954   0x0000008c   Code   RO         1990    i.serialUSART5      serial.o
    0x080139e0   0x000000dc   Code   RO         1991    i.serialUSART6      serial.o
    0x08013abc   0x00000036   Code   RO         1992    i.serialWrite       serial.o
    0x08013af2   0x00000002   PAD
    0x08013af4   0x0000014c   Code   RO         2862    i.simDoAccUpdate    nav_ukf.o
    0x08013c40   0x00000094   Code   RO         2864    i.simDoPresUpdate   nav_ukf.o
    0x08013cd4   0x00000224   Code   RO          731    i.spi1Init          spi.o
    0x08013ef8   0x0000022c   Code   RO          732    i.spi2Init          spi.o
    0x08014124   0x0000003c   Code   RO          733    i.spiChangeBaud     spi.o
    0x08014160   0x00000004   Code   RO          734    i.spiChangeCallback  spi.o
    0x08014164   0x00000070   Code   RO          735    i.spiClientInit     spi.o
    0x080141d4   0x00000008   Code   RO          736    i.spiDeselect       spi.o
    0x080141dc   0x00000026   Code   RO          737    i.spiDisableDMA     spi.o
    0x08014202   0x0000002a   Code   RO          738    i.spiDisableSPI     spi.o
    0x0801422c   0x00000064   Code   RO          739    i.spiEndTxn         spi.o
    0x08014290   0x00000020   Code   RO          740    i.spiNotify         spi.o
    0x080142b0   0x00000008   Code   RO          741    i.spiSelect         spi.o
    0x080142b8   0x000000e4   Code   RO          742    i.spiStartTxn       spi.o
    0x0801439c   0x00000050   Code   RO          743    i.spiTransaction    spi.o
    0x080143ec   0x0000002c   Code   RO          744    i.spiTriggerSchedule  spi.o
    0x08014418   0x0000006e   Code   RO        12174    i.sqrt              m_wm.l(sqrt_full.o)
    0x08014486   0x0000003e   Code   RO        12590    i.sqrtf             m_wm.l(sqrtf_full.o)
    0x080144c4   0x000000f0   Code   RO         2607    i.srcdkfCalcSigmaPoints  srcdkf.o
    0x080145b4   0x00000006   Code   RO         2608    i.srcdkfGetState    srcdkf.o
    0x080145ba   0x0000021c   Code   RO         2610    i.srcdkfInit        srcdkf.o
    0x080147d6   0x00000002   PAD
    0x080147d8   0x00000562   Code   RO         2611    i.srcdkfMeasurementUpdate  srcdkf.o
    0x08014d3a   0x000000be   Code   RO         2612    i.srcdkfSetVariance  srcdkf.o
    0x08014df8   0x00000190   Code   RO         2613    i.srcdkfTimeUpdate  srcdkf.o
    0x08014f88   0x00000050   Code   RO         1545    i.supervisorInit    supervisor.o
    0x08014fd8   0x00000010   Code   RO         1546    i.supervisorLEDsOff  supervisor.o
    0x08014fe8   0x00000010   Code   RO         1547    i.supervisorLEDsOn  supervisor.o
    0x08014ff8   0x0000001c   Code   RO         1548    i.supervisorLEDsTogg  supervisor.o
    0x08015014   0x00000038   Code   RO         1549    i.supervisorTare    supervisor.o
    0x0801504c   0x00000094   Code   RO         1550    i.supervisorTaskCode  supervisor.o
    0x080150e0   0x00000174   Code   RO         2321    i.ubloxCharIn       ublox.o
    0x08015254   0x00000064   Code   RO         2322    i.ubloxEnableMessage  ublox.o
    0x080152b8   0x00000020   Code   RO         2323    i.ubloxInit         ublox.o
    0x080152d8   0x00000084   Code   RO         2324    i.ubloxInitGps      ublox.o
    0x0801535c   0x0000004c   Code   RO         2325    i.ubloxPollVersion  ublox.o
    0x080153a8   0x00000358   Code   RO         2326    i.ubloxPublish      ublox.o
    0x08015700   0x00000028   Code   RO         2327    i.ubloxRxChecksum   ublox.o
    0x08015728   0x00000014   Code   RO         2328    i.ubloxRxChecksumReset  ublox.o
    0x0801573c   0x0000009c   Code   RO         2329    i.ubloxSendPacket   ublox.o
    0x080157d8   0x00000014   Code   RO         2330    i.ubloxSendPreamble  ublox.o
    0x080157ec   0x00000060   Code   RO         2331    i.ubloxSendSetup    ublox.o
    0x0801584c   0x00000074   Code   RO         2332    i.ubloxSetMode      ublox.o
    0x080158c0   0x00000060   Code   RO         2333    i.ubloxSetRate      ublox.o
    0x08015920   0x00000078   Code   RO         2334    i.ubloxSetSBAS      ublox.o
    0x08015998   0x00000088   Code   RO         2335    i.ubloxSetTimepulse  ublox.o
    0x08015a20   0x00000028   Code   RO         2336    i.ubloxTxChecksum   ublox.o
    0x08015a48   0x00000014   Code   RO         2337    i.ubloxTxChecksumReset  ublox.o
    0x08015a5c   0x0000002a   Code   RO         2338    i.ubloxVersionSpecific  ublox.o
    0x08015a86   0x00000002   PAD
    0x08015a88   0x0000001c   Code   RO         2339    i.ubloxWriteI1      ublox.o
    0x08015aa4   0x00000014   Code   RO         2340    i.ubloxWriteI2      ublox.o
    0x08015ab8   0x00000022   Code   RO         2341    i.ubloxWriteI4      ublox.o
    0x08015ada   0x00000002   PAD
    0x08015adc   0x0000001c   Code   RO         2342    i.ubloxWriteU1      ublox.o
    0x08015af8   0x00000012   Code   RO         2343    i.ubloxWriteU2      ublox.o
    0x08015b0a   0x00000022   Code   RO         2344    i.ubloxWriteU4      ublox.o
    0x08015b2c   0x0000001c   Code   RO        10466    i.usbAvailable      usb.o
    0x08015b48   0x00000024   Code   RO        10467    i.usbInit           usb.o
    0x08015b6c   0x00000034   Code   RO        10469    i.usbRx             usb.o
    0x08015ba0   0x00000010   Code   RO        10470    i.usbTx             usb.o
    0x08015bb0   0x000000d0   Code   RO        10471    i.usbVcpCtrl        usb.o
    0x08015c80   0x00000044   Code   RO        10472    i.usbVcpDataRx      usb.o
    0x08015cc4   0x00000044   Code   RO        10473    i.usbVcpDataTx      usb.o
    0x08015d08   0x00000004   Code   RO        10474    i.usbVcpDeInit      usb.o
    0x08015d0c   0x00000004   Code   RO        10475    i.usbVcpInit        usb.o
    0x08015d10   0x000000b4   Code   RO        11115    i.usbd_cdc_msc_DataIn  usbd_cdc_msc_core.o
    0x08015dc4   0x0000004c   Code   RO        11116    i.usbd_cdc_msc_DataOut  usbd_cdc_msc_core.o
    0x08015e10   0x00000044   Code   RO        11117    i.usbd_cdc_msc_DeInit  usbd_cdc_msc_core.o
    0x08015e54   0x00000038   Code   RO        11118    i.usbd_cdc_msc_EP0_RxReady  usbd_cdc_msc_core.o
    0x08015e8c   0x00000074   Code   RO        11119    i.usbd_cdc_msc_Init  usbd_cdc_msc_core.o
    0x08015f00   0x00000034   Code   RO        11120    i.usbd_cdc_msc_SOF  usbd_cdc_msc_core.o
    0x08015f34   0x00000214   Code   RO        11121    i.usbd_cdc_msc_Setup  usbd_cdc_msc_core.o
    0x08016148   0x00000022   Code   RO          919    i.utilFilter        util.o
    0x0801616a   0x0000001c   Code   RO          921    i.utilFilterInit    util.o
    0x08016186   0x00000006   Code   RO          923    i.utilFilterReset   util.o
    0x0801618c   0x00000058   Code   RO          927    i.utilSerialNoString  util.o
    0x080161e4   0x00000018   Code   RO          928    i.utilTaskPeriodTime  util.o
    0x080161fc   0x00000068   Code   RO          929    i.utilVersionString  util.o
    0x08016264   0x00000028   Code   RO         4054    i.uxListRemove      list.o
    0x0801628c   0x0000001c   Code   RO         4354    i.uxTaskResetEventItemValue  tasks.o
    0x080162a8   0x00000010   Code   RO         3952    i.vEventGroupSetBitsCallback  event_groups.o
    0x080162b8   0x0000001a   Code   RO         4055    i.vListInitialise   list.o
    0x080162d2   0x00000006   Code   RO         4056    i.vListInitialiseItem  list.o
    0x080162d8   0x00000034   Code   RO         4057    i.vListInsert       list.o
    0x0801630c   0x00000018   Code   RO         4058    i.vListInsertEnd    list.o
    0x08016324   0x0000008c   Code   RO         4896    i.vPortEnterCritical  port.o
    0x080163b0   0x00000074   Code   RO         4897    i.vPortExitCritical  port.o
    0x08016424   0x000000bc   Code   RO         4829    i.vPortFree         heap_4.o
    0x080164e0   0x00000020   Code   RO         4898    i.vPortSetupTimerInterrupt  port.o
    0x08016500   0x000000a4   Code   RO         4899    i.vPortValidateInterruptPriority  port.o
    0x080165a4   0x0000002c   Code   RO         4118    i.vQueueAddToRegistry  queue.o
    0x080165d0   0x0000004a   Code   RO         4121    i.vQueueWaitForMessageRestricted  queue.o
    0x0801661a   0x00000002   PAD
    0x0801661c   0x00000078   Code   RO         4355    i.vTaskDelay        tasks.o
    0x08016694   0x000000e0   Code   RO         4356    i.vTaskDelayUntil   tasks.o
    0x08016774   0x00000110   Code   RO         4357    i.vTaskDelete       tasks.o
    0x08016884   0x0000000c   Code   RO         4359    i.vTaskMissedYield  tasks.o
    0x08016890   0x00000058   Code   RO         4361    i.vTaskPlaceOnEventList  tasks.o
    0x080168e8   0x00000060   Code   RO         4362    i.vTaskPlaceOnEventListRestricted  tasks.o
    0x08016948   0x00000080   Code   RO         4363    i.vTaskPlaceOnUnorderedEventList  tasks.o
    0x080169c8   0x000000b0   Code   RO         4364    i.vTaskPriorityInherit  tasks.o
    0x08016a78   0x00000134   Code   RO         4365    i.vTaskPrioritySet  tasks.o
    0x08016bac   0x00000050   Code   RO         4367    i.vTaskSetTimeOutState  tasks.o
    0x08016bfc   0x000000b0   Code   RO         4368    i.vTaskStartScheduler  tasks.o
    0x08016cac   0x00000010   Code   RO         4370    i.vTaskSuspendAll   tasks.o
    0x08016cbc   0x000000ac   Code   RO         4371    i.vTaskSwitchContext  tasks.o
    0x08016d68   0x00000078   Code   RO         3953    i.xEventGroupClearBits  event_groups.o
    0x08016de0   0x0000001a   Code   RO         3954    i.xEventGroupCreate  event_groups.o
    0x08016dfa   0x00000002   PAD
    0x08016dfc   0x000000ec   Code   RO         3956    i.xEventGroupSetBits  event_groups.o
    0x08016ee8   0x0000015c   Code   RO         3958    i.xEventGroupWaitBits  event_groups.o
    0x08017044   0x00000160   Code   RO         4900    i.xPortStartScheduler  port.o
    0x080171a4   0x00000022   Code   RO         4124    i.xQueueCreateMutex  queue.o
    0x080171c6   0x00000002   PAD
    0x080171c8   0x00000078   Code   RO         4126    i.xQueueGenericCreate  queue.o
    0x08017240   0x000001cc   Code   RO         4127    i.xQueueGenericReceive  queue.o
    0x0801740c   0x000000b4   Code   RO         4128    i.xQueueGenericReset  queue.o
    0x080174c0   0x000001c8   Code   RO         4129    i.xQueueGenericSend  queue.o
    0x08017688   0x00000114   Code   RO         4130    i.xQueueGenericSendFromISR  queue.o
    0x0801779c   0x000000a4   Code   RO         4372    i.xTaskCheckForTimeOut  tasks.o
    0x08017840   0x00000060   Code   RO         4373    i.xTaskCreate       tasks.o
    0x080178a0   0x00000020   Code   RO         4377    i.xTaskGetSchedulerState  tasks.o
    0x080178c0   0x0000000c   Code   RO         4378    i.xTaskGetTickCount  tasks.o
    0x080178cc   0x00000164   Code   RO         4380    i.xTaskIncrementTick  tasks.o
    0x08017a30   0x000000dc   Code   RO         4383    i.xTaskPriorityDisinherit  tasks.o
    0x08017b0c   0x000000b8   Code   RO         4384    i.xTaskRemoveFromEventList  tasks.o
    0x08017bc4   0x000000c4   Code   RO         4385    i.xTaskRemoveFromUnorderedEventList  tasks.o
    0x08017c88   0x00000124   Code   RO         4386    i.xTaskResumeAll    tasks.o
    0x08017dac   0x00000078   Code   RO         4693    i.xTimerCreateTimerTask  timers.o
    0x08017e24   0x000000a8   Code   RO         4694    i.xTimerGenericCommand  timers.o
    0x08017ecc   0x00000034   Code   RO         4700    i.xTimerPendFunctionCallFromISR  timers.o
    0x08017f00   0x000000a2   Data   RO          363    .constdata          d_imu.o
    0x08017fa2   0x00000100   Data   RO         3192    .constdata          aq_mavlink.o
    0x080180a2   0x00000017   Data   RO        11533    .constdata          usbd_msc_data.o
    0x080180b9   0x00000024   Data   RO        11804    .constdata          usbd_storage_msd.o
    0x080180dd   0x00000003   PAD
    0x080180e0   0x00000040   Data   RO        12109    .constdata          m_wm.l(log10f.o)
    0x08018120   0x00000088   Data   RO        12123    .constdata          m_wm.l(pow.o)
    0x080181a8   0x00000140   Data   RO        12137    .constdata          m_wm.l(powf.o)
    0x080182e8   0x00000030   Data   RO        12531    .constdata          m_wm.l(cos_i.o)
    0x08018318   0x00000008   Data   RO        12573    .constdata          m_wm.l(qnan.o)
    0x08018320   0x000000c8   Data   RO        12576    .constdata          m_wm.l(rred.o)
    0x080183e8   0x00000020   Data   RO        12580    .constdata          m_wm.l(rredf.o)
    0x08018408   0x00000028   Data   RO        12583    .constdata          m_wm.l(sin_i.o)
    0x08018430   0x00000081   Data   RO        12667    .constdata          mc_w.l(ctype_o.o)
    0x080184b1   0x00000003   PAD
    0x080184b4   0x00000004   Data   RO        12668    .constdata          mc_w.l(ctype_o.o)
    0x080184b8   0x00001207   Data   RO         1257    .conststring        config.o
    0x080196bf   0x00000001   PAD
    0x080196c0   0x00000030   Data   RO        12701    Region$$Table       anon$$obj.o


    Execution Region RW_IRAM2 (Base: 0x10000000, Size: 0x0000bd2c, Max: 0x00010000, ABSOLUTE, COMPRESSED[0x0000017c])

    Base Addr    Size         Type   Attr      Idx    E Section Name        Object

    0x10000000   0x00000038   Data   RW          362    .ccm                d_imu.o
    0x10000038   0x0000a000   Data   RW          930    .ccm                util.o
    0x1000a038   0x00000498   Data   RW         1256    .ccm                config.o
    0x1000a4d0   0x00000014   Data   RW         1551    .ccm                supervisor.o
    0x1000a4e4   0x0000111c   Data   RW         1638    .ccm                comm.o
    0x1000b600   0x000000a0   Data   RW         2257    .ccm                gps.o
    0x1000b6a0   0x00000224   Data   RW         2345    .ccm                ublox.o
    0x1000b8c4   0x00000010   Data   RW         2476    .ccm                imu.o
    0x1000b8d4   0x0000014c   Data   RW         3119    .ccm                run.o
    0x1000ba20   0x00000100   Data   RW        10182    .ccm                sdio.o
    0x1000bb20   0x0000020c   Data   RW        10477    .ccm                usb.o


    Execution Region RW_IRAM1 (Base: 0x20000000, Size: 0x0001ea30, Max: 0x00030000, ABSOLUTE, COMPRESSED[0x000004b4])

    Base Addr    Size         Type   Attr      Idx    E Section Name        Object

    0x20000000   0x00000008   Data   RW            6    .data               main.o
    0x20000008   0x00000008   Data   RW          364    .data               d_imu.o
    0x20000010   0x00000008   Data   RW          865    .data               tick.o
    0x20000018   0x0000000c   Data   RW          931    .data               util.o
    0x20000024   0x00000009   Data   RW         1057    .data               ms5611.o
    0x2000002d   0x00000003   PAD
    0x20000030   0x00000008   Data   RW         1145    .data               hmc5983.o
    0x20000038   0x00000498   Data   RW         1258    .data               config.o
    0x200004d0   0x00000004   Data   RW         1552    .data               supervisor.o
    0x200004d4   0x00000004   Data   RW         1639    .data               comm.o
    0x200004d8   0x0000001c   Data   RW         1993    .data               serial.o
    0x200004f4   0x00000008   Data   RW         2258    .data               gps.o
    0x200004fc   0x00000008   Data   RW         2534    .data               alt_ukf.o
    0x20000504   0x00000008   Data   RW         2866    .data               nav_ukf.o
    0x2000050c   0x00000004   Data   RW         3120    .data               run.o
    0x20000510   0x00000008   Data   RW         3193    .data               aq_mavlink.o
    0x20000518   0x0000003c   Data   RW         4389    .data               tasks.o
    0x20000554   0x00000014   Data   RW         4702    .data               timers.o
    0x20000568   0x00000018   Data   RW         4834    .data               heap_4.o
    0x20000580   0x0000000c   Data   RW         4901    .data               port.o
    0x2000058c   0x00000010   Data   RW         7712    .data               stm32f4xx_rcc.o
    0x2000059c   0x00000006   Data   RW         9895    .data               usart.o
    0x200005a2   0x00000002   PAD
    0x200005a4   0x00000030   Data   RW        10478    .data               usb.o
    0x200005d4   0x000000bc   Data   RW        11123    .data               usbd_cdc_msc_core.o
    0x20000690   0x00000034   Data   RW        11213    .data               usbd_core.o
    0x200006c4   0x0000003c   Data   RW        11309    .data               usbd_desc.o
    0x20000700   0x00000008   Data   RW        11453    .data               usbd_msc_bot.o
    0x20000708   0x00000018   Data   RW        11580    .data               usbd_msc_scsi.o
    0x20000720   0x0000000d   Data   RW        11704    .data               usbd_req.o
    0x2000072d   0x00000003   PAD
    0x20000730   0x00000028   Data   RW        11805    .data               usbd_storage_msd.o
    0x20000758   0x00000004   Data   RW        12626    .data               mc_w.l(mvars.o)
    0x2000075c   0x00000004   Data   RW        12627    .data               mc_w.l(mvars.o)
    0x20000760   0x00000004   Data   RW        12631    .data               mc_w.l(errno.o)
    0x20000764   0x0000005c   Zero   RW          549    .bss                ext_irq.o
    0x200007c0   0x00000590   Zero   RW          624    .bss                mpu6000.o
    0x20000d50   0x00000168   Zero   RW          745    .bss                spi.o
    0x20000eb8   0x00000078   Zero   RW         1056    .bss                ms5611.o
    0x20000f30   0x00000044   Zero   RW         1144    .bss                hmc5983.o
    0x20000f74   0x00000080   Zero   RW         1255    .bss                config.o
    0x20000ff4   0x00000068   Zero   RW         1378    .bss                eeprom.o
    0x2000105c   0x00000200   Zero   RW         1637    .bss                comm.o
    0x2000125c   0x00000004   PAD
    0x20001260   0x00010eb0   Zero   RW         1800    .bss                filer.o
    0x20012110   0x00000010   Zero   RW         1930    .bss                rcc.o
    0x20012120   0x00000460   Zero   RW         2865    .bss                nav_ukf.o
    0x20012580   0x0000057c   Zero   RW         3191    .bss                aq_mavlink.o
    0x20012afc   0x00000040   Zero   RW         4141    .bss                queue.o
    0x20012b3c   0x000002e4   Zero   RW         4388    .bss                tasks.o
    0x20012e20   0x00000028   Zero   RW         4701    .bss                timers.o
    0x20012e48   0x00005000   Zero   RW         4833    .bss                heap_4.o
    0x20017e48   0x000005f4   Zero   RW        10476    .bss                usb.o
    0x2001843c   0x000004a2   Zero   RW        11122    .bss                usbd_cdc_msc_core.o
    0x200188de   0x00000002   PAD
    0x200188e0   0x00000030   Zero   RW        11452    .bss                usbd_msc_bot.o
    0x20018910   0x00000020   Zero   RW        11579    .bss                usbd_msc_scsi.o
    0x20018930   0x000000ff   Zero   RW        11703    .bss                usbd_req.o
    0x20018a2f   0x00000001   PAD
    0x20018a30   0x00005000   Zero   RW         3915    HEAP                startup_stm32f427_437xx.o
    0x2001da30   0x00001000   Zero   RW         3914    STACK               startup_stm32f427_437xx.o


==============================================================================

Image component sizes


      Code (inc. data)   RO Data    RW Data    ZI Data      Debug   Object Name

      1058         12          0          0          0       3472   algebra.o
       602         64          0          8          0       4020   alt_ukf.o
      6316        480        256          8       1404      93715   aq_mavlink.o
      2044        206          0       4384        512      16009   comm.o
        60          6          0          0          0        551   compass.o
      3806        576       4615       2352        128      18988   config.o
      1772        404        162         64          0     250259   d_imu.o
       122          0          0          0          0       1190   digital.o
       992         90          0          0        104       8704   eeprom.o
       776        152          0          0          0      15687   event_groups.o
      1052         94          0          0         92       6355   ext_irq.o
       192         12          0          0      69296       4535   filer.o
       460         60          0          0          0       3738   flash.o
       536        138          0        168          0       3875   gps.o
       760        184          0         24      20480       3919   heap_4.o
      1584        106          0          8         68      11323   hmc5983.o
       404         52          0         16          0       4335   imu.o
       148          0          0          0          0       3178   list.o
       144         30          0          8          0     383046   main.o
       140         24          0          0          0       1791   misc.o
         0          0          0          0       1424       1246   mpu6000.o
      1324        122          0          9        120       6732   ms5611.o
      9306        580          0          8       1120      28453   nav_ukf.o
      1202        416          0         12          0      10813   port.o
      2246        262          0          0         64      14121   queue.o
        72         10          0          0         16        683   rcc.o
      2092        162          0        336          0       3132   run.o
      2740        150          0        256          0      24448   sdio.o
      2800        188          0         28          0      17417   serial.o
      1940        116          0          0        360      12650   spi.o
      2764          8          0          0          0      26450   srcdkf.o
        36          8        428          0      24576        828   startup_stm32f427_437xx.o
       684         54          0          0          0       7823   stm32f4xx_dma.o
       160         12          0          0          0       1753   stm32f4xx_exti.o
       458         52          0          0          0       6013   stm32f4xx_flash.o
       236          0          0          0          0       3190   stm32f4xx_gpio.o
       456         14          0          0          0       7192   stm32f4xx_i2c.o
        20          0          0          0          0       2741   stm32f4xx_it.o
       444         60          0         16          0       7354   stm32f4xx_rcc.o
       260         56          0          0          0       8486   stm32f4xx_sdio.o
       284         24          0          0          0       3901   stm32f4xx_spi.o
        76         10          0          0          0       1265   stm32f4xx_syscfg.o
       552         48          0          0          0       7373   stm32f4xx_tim.o
       374          8          0          0          0       5045   stm32f4xx_usart.o
       344        108          0         24          0       3880   supervisor.o
       392         32          0          0          0       1661   system_stm32f4xx.o
      4338       1158          0         60        740      32357   tasks.o
       170         30          0          8          0       2223   tick.o
      1382        336          0         20         40       9383   timers.o
      2632        190          0        548          0      13425   ublox.o
        28          4          0          6          0       2420   usart.o
       580         66          0        572       1524      31145   usb.o
       220          4          0          0          0       2739   usb_bsp.o
      3466         18          0          0          0      20858   usb_core.o
       702          0          0          0          0       6375   usb_dcd.o
      1960         50          0          0          0       9175   usb_dcd_int.o
      1300        150          0        188       1186       8948   usbd_cdc_msc_core.o
       760          6          0         52          0       9692   usbd_core.o
       416        202          0         60          0       6433   usbd_desc.o
       244          0          0          0          0       4838   usbd_ioreq.o
       748        122          0          8         48       7589   usbd_msc_bot.o
         0          0         23          0          0        769   usbd_msc_data.o
      2200        296          0         24         32      14820   usbd_msc_scsi.o
      1742         54          0         13        255       9851   usbd_req.o
       338         38         36         40          0       6554   usbd_storage_msd.o
       992        260          0      40972          0      12452   util.o

    ----------------------------------------------------------------------
     78520       8174       5572      50308     123596    1265386   Object Totals
         0          0         48          0          0          0   (incl. Generated)
        72          0          4          8          7          0   (incl. Padding)

    ----------------------------------------------------------------------

      Code (inc. data)   RO Data    RW Data    ZI Data      Debug   Library Member Name

       148          0          0          0          0        827   arm_fill_f32.o
         8          0          0          0          0      17159   arm_mat_init_f32.o
       316          4          0          0          0       1627   arm_mat_mult_f32.o
       276          0          0          0          0       1516   arm_mat_trans_f32.o
       308          4          0          0          0      14434   arm_std_f32.o
       300         42          0          0          0        176   asinf.o
       592         90          0          0          0        184   atan2f.o
       352         56          0          0          0        172   atanf.o
       200         20          0          0          0        164   cos.o
       368         46         48          0          0        200   cos_i.o
       336         56          0          0          0        136   cosf.o
       184         44          0          0          0        744   dunder.o
        24          0          0          0          0        124   fabs.o
        48          0          0          0          0        124   fpclassify.o
        38          0          0          0          0        116   fpclassifyf.o
        80         24          0          0          0        696   funder.o
       384         52         64          0          0        140   log10f.o
       248          0          0          0          0        152   poly.o
      3152        296        136          0          0        352   pow.o
      1636        110        320          0          0        372   powf.o
         0          0          8          0          0          0   qnan.o
      1080        142        200          0          0        188   rred.o
       340         24         32          0          0        160   rredf.o
       200         20          0          0          0        164   sin.o
       304         24         40          0          0        208   sin_i.o
       400         56          0          0          0        212   sinf.o
       232          0          0          0          0        296   sqrt_full.o
        62          0          0          0          0        136   sqrtf_full.o
        56          8          0          0          0         84   __0sscanf.o
        86          0          0          0          0          0   __dczerorl2.o
        28          0          0          0          0         68   _chval.o
       812          4          0          0          0        112   _scanf.o
       224          0          0          0          0         96   _scanf_str.o
        64          0          0          0          0         84   _sgetc.o
       158          0          0          0          0         92   _strtoul.o
        26          0          0          0          0         80   atoi.o
        28          0          0          0          0         76   calloc.o
         8          4        133          0          0         68   ctype_o.o
         0          0          0          0          0          0   entry.o
         0          0          0          0          0          0   entry10a.o
         0          0          0          0          0          0   entry11a.o
         8          4          0          0          0          0   entry2.o
         4          0          0          0          0          0   entry5.o
         0          0          0          0          0          0   entry7b.o
         0          0          0          0          0          0   entry8b.o
         8          4          0          0          0          0   entry9a.o
        20         10          0          4          0        136   errno.o
        30          0          0          0          0          0   handlers.o
        36          8          0          0          0         68   init.o
        18          0          0          0          0         76   isspace_o.o
         0          0          0          0          0          0   iusefp.o
        98          0          0          0          0         84   ldiv.o
        30          0          0          0          0         68   llshl.o
        36          0          0          0          0         68   llsshr.o
        32          0          0          0          0         68   llushr.o
       188         20          0          0          0        160   malloc.o
        36          0          0          0          0         68   memcpya.o
        36          0          0          0          0        108   memseta.o
         0          0          0          8          0          0   mvars.o
      2338        100          0          0          0        748   printfa.o
        40          8          0          0          0         84   scanf_char.o
       838         12          0          0          0        216   scanf_fp.o
        28          0          0          0          0         76   strcmp.o
        18          0          0          0          0         68   strcpy.o
        14          0          0          0          0         68   strlen.o
        50          0          0          0          0         84   strncasecmp.o
        30          0          0          0          0         80   strncmp.o
       112          0          0          0          0         88   strtol.o
        12          0          0          0          0         68   tolower.o
        44          0          0          0          0         80   uidiv.o
        98          0          0          0          0         92   uldiv.o
        48          0          0          0          0         68   cdcmple.o
        48          0          0          0          0         68   cdrcmple.o
        56          0          0          0          0         88   d2f.o
       334          0          0          0          0        148   dadd.o
       222          0          0          0          0        100   ddiv.o
       186          0          0          0          0        176   depilogue.o
        62          0          0          0          0         80   dfixi.o
        50          0          0          0          0         76   dfixui.o
        48          0          0          0          0         68   dfixul.o
        34          0          0          0          0         76   dflti.o
        26          0          0          0          0         76   dfltui.o
        24          0          0          0          0         76   dfltul.o
       228          0          0          0          0         96   dmul.o
        46          0          0          0          0         80   dscalb.o
       162          0          0          0          0        100   dsqrt.o
        38          0          0          0          0         68   f2d.o
       110          0          0          0          0        168   fepilogue.o
        44          0          0          0          0         92   ffltl.o
         4          0          0          0          0         68   fpstat.o

    ----------------------------------------------------------------------
     19100       1296        984         12          0      45967   Library Totals
        22          4          3          0          0          0   (incl. Padding)

    ----------------------------------------------------------------------

      Code (inc. data)   RO Data    RW Data    ZI Data      Debug   Library Name

      1056          8          0          0          0      35563   arm_cortexM4lf_math.lib
     10560       1102        848          0          0       5216   m_wm.l
      5692        182        133         12          0       3416   mc_w.l
      1770          0          0          0          0       1772   mf_w.l

    ----------------------------------------------------------------------
     19100       1296        984         12          0      45967   Library Totals

    ----------------------------------------------------------------------

==============================================================================


      Code (inc. data)   RO Data    RW Data    ZI Data      Debug   

     97620       9470       6556      50320     123596    1242973   Grand Totals
     97620       9470       6556       1584     123596    1242973   ELF Image Totals (compressed)
     97620       9470       6556       1584          0          0   ROM Totals

==============================================================================

    Total RO  Size (Code + RO Data)               104176 ( 101.73kB)
    Total RW  Size (RW Data + ZI Data)            173916 ( 169.84kB)
    Total ROM Size (Code + RO Data + RW Data)     105760 ( 103.28kB)

==============================================================================

